Archive member included to satisfy reference by file (symbol)

/opt/st/stm32cubeide_1.19.0/plugins/com.st.stm32cube.ide.mcu.externaltools.gnu-tools-for-stm32.13.3.rel1.linux64_1.0.0.202410170706/tools/bin/../lib/gcc/arm-none-eabi/13.3.1/../../../../arm-none-eabi/lib/thumb/v6-m/nofp/libc_nano.a(libc_a-exit.o)
                              /opt/st/stm32cubeide_1.19.0/plugins/com.st.stm32cube.ide.mcu.externaltools.gnu-tools-for-stm32.13.3.rel1.linux64_1.0.0.202410170706/tools/bin/../lib/gcc/arm-none-eabi/13.3.1/../../../../arm-none-eabi/lib/thumb/v6-m/nofp/crt0.o (exit)
/opt/st/stm32cubeide_1.19.0/plugins/com.st.stm32cube.ide.mcu.externaltools.gnu-tools-for-stm32.13.3.rel1.linux64_1.0.0.202410170706/tools/bin/../lib/gcc/arm-none-eabi/13.3.1/../../../../arm-none-eabi/lib/thumb/v6-m/nofp/libc_nano.a(libc_a-findfp.o)
                              /opt/st/stm32cubeide_1.19.0/plugins/com.st.stm32cube.ide.mcu.externaltools.gnu-tools-for-stm32.13.3.rel1.linux64_1.0.0.202410170706/tools/bin/../lib/gcc/arm-none-eabi/13.3.1/../../../../arm-none-eabi/lib/thumb/v6-m/nofp/libc_nano.a(libc_a-exit.o) (__stdio_exit_handler)
/opt/st/stm32cubeide_1.19.0/plugins/com.st.stm32cube.ide.mcu.externaltools.gnu-tools-for-stm32.13.3.rel1.linux64_1.0.0.202410170706/tools/bin/../lib/gcc/arm-none-eabi/13.3.1/../../../../arm-none-eabi/lib/thumb/v6-m/nofp/libc_nano.a(libc_a-fwalk.o)
                              /opt/st/stm32cubeide_1.19.0/plugins/com.st.stm32cube.ide.mcu.externaltools.gnu-tools-for-stm32.13.3.rel1.linux64_1.0.0.202410170706/tools/bin/../lib/gcc/arm-none-eabi/13.3.1/../../../../arm-none-eabi/lib/thumb/v6-m/nofp/libc_nano.a(libc_a-findfp.o) (_fwalk_sglue)
/opt/st/stm32cubeide_1.19.0/plugins/com.st.stm32cube.ide.mcu.externaltools.gnu-tools-for-stm32.13.3.rel1.linux64_1.0.0.202410170706/tools/bin/../lib/gcc/arm-none-eabi/13.3.1/../../../../arm-none-eabi/lib/thumb/v6-m/nofp/libc_nano.a(libc_a-sprintf.o)
                              ./Core/Src/main.o (sprintf)
/opt/st/stm32cubeide_1.19.0/plugins/com.st.stm32cube.ide.mcu.externaltools.gnu-tools-for-stm32.13.3.rel1.linux64_1.0.0.202410170706/tools/bin/../lib/gcc/arm-none-eabi/13.3.1/../../../../arm-none-eabi/lib/thumb/v6-m/nofp/libc_nano.a(libc_a-stdio.o)
                              /opt/st/stm32cubeide_1.19.0/plugins/com.st.stm32cube.ide.mcu.externaltools.gnu-tools-for-stm32.13.3.rel1.linux64_1.0.0.202410170706/tools/bin/../lib/gcc/arm-none-eabi/13.3.1/../../../../arm-none-eabi/lib/thumb/v6-m/nofp/libc_nano.a(libc_a-findfp.o) (__sread)
/opt/st/stm32cubeide_1.19.0/plugins/com.st.stm32cube.ide.mcu.externaltools.gnu-tools-for-stm32.13.3.rel1.linux64_1.0.0.202410170706/tools/bin/../lib/gcc/arm-none-eabi/13.3.1/../../../../arm-none-eabi/lib/thumb/v6-m/nofp/libc_nano.a(libc_a-memset.o)
                              /opt/st/stm32cubeide_1.19.0/plugins/com.st.stm32cube.ide.mcu.externaltools.gnu-tools-for-stm32.13.3.rel1.linux64_1.0.0.202410170706/tools/bin/../lib/gcc/arm-none-eabi/13.3.1/../../../../arm-none-eabi/lib/thumb/v6-m/nofp/crt0.o (memset)
/opt/st/stm32cubeide_1.19.0/plugins/com.st.stm32cube.ide.mcu.externaltools.gnu-tools-for-stm32.13.3.rel1.linux64_1.0.0.202410170706/tools/bin/../lib/gcc/arm-none-eabi/13.3.1/../../../../arm-none-eabi/lib/thumb/v6-m/nofp/libc_nano.a(libc_a-closer.o)
                              /opt/st/stm32cubeide_1.19.0/plugins/com.st.stm32cube.ide.mcu.externaltools.gnu-tools-for-stm32.13.3.rel1.linux64_1.0.0.202410170706/tools/bin/../lib/gcc/arm-none-eabi/13.3.1/../../../../arm-none-eabi/lib/thumb/v6-m/nofp/libc_nano.a(libc_a-stdio.o) (_close_r)
/opt/st/stm32cubeide_1.19.0/plugins/com.st.stm32cube.ide.mcu.externaltools.gnu-tools-for-stm32.13.3.rel1.linux64_1.0.0.202410170706/tools/bin/../lib/gcc/arm-none-eabi/13.3.1/../../../../arm-none-eabi/lib/thumb/v6-m/nofp/libc_nano.a(libc_a-reent.o)
                              /opt/st/stm32cubeide_1.19.0/plugins/com.st.stm32cube.ide.mcu.externaltools.gnu-tools-for-stm32.13.3.rel1.linux64_1.0.0.202410170706/tools/bin/../lib/gcc/arm-none-eabi/13.3.1/../../../../arm-none-eabi/lib/thumb/v6-m/nofp/libc_nano.a(libc_a-closer.o) (errno)
/opt/st/stm32cubeide_1.19.0/plugins/com.st.stm32cube.ide.mcu.externaltools.gnu-tools-for-stm32.13.3.rel1.linux64_1.0.0.202410170706/tools/bin/../lib/gcc/arm-none-eabi/13.3.1/../../../../arm-none-eabi/lib/thumb/v6-m/nofp/libc_nano.a(libc_a-impure.o)
                              /opt/st/stm32cubeide_1.19.0/plugins/com.st.stm32cube.ide.mcu.externaltools.gnu-tools-for-stm32.13.3.rel1.linux64_1.0.0.202410170706/tools/bin/../lib/gcc/arm-none-eabi/13.3.1/../../../../arm-none-eabi/lib/thumb/v6-m/nofp/libc_nano.a(libc_a-sprintf.o) (_impure_ptr)
/opt/st/stm32cubeide_1.19.0/plugins/com.st.stm32cube.ide.mcu.externaltools.gnu-tools-for-stm32.13.3.rel1.linux64_1.0.0.202410170706/tools/bin/../lib/gcc/arm-none-eabi/13.3.1/../../../../arm-none-eabi/lib/thumb/v6-m/nofp/libc_nano.a(libc_a-lseekr.o)
[...]
Memory Configuration

Name             Origin             Length             Attributes
RAM              0x20000000         0x00009000         xrw
FLASH            0x08000000         0x00020000         xr
*default*        0x00000000         0xffffffff

Linker script and memory map

LOAD /opt/st/stm32cubeide_1.19.0/plugins/com.st.stm32cube.ide.mcu.externaltools.gnu-tools-for-stm32.13.3.rel1.linux64_1.0.0.202410170706/tools/bin/../lib/gcc/arm-none-eabi/13.3.1/thumb/v6-m/nofp/crti.o
LOAD /opt/st/stm32cubeide_1.19.0/plugins/com.st.stm32cube.ide.mcu.externaltools.gnu-tools-for-stm32.13.3.rel1.linux64_1.0.0.202410170706/tools/bin/../lib/gcc/arm-none-eabi/13.3.1/thumb/v6-m/nofp/crtbegin.o
LOAD /opt/st/stm32cubeide_1.19.0/plugins/com.st.stm32cube.ide.mcu.externaltools.gnu-tools-for-stm32.13.3.rel1.linux64_1.0.0.202410170706/tools/bin/../lib/gcc/arm-none-eabi/13.3.1/../../../../arm-none-eabi/lib/thumb/v6-m/nofp/crt0.o
LOAD ./Core/Src/main.o
LOAD ./Core/Src/stm32g0xx_hal_msp.o
LOAD ./Core/Src/stm32g0xx_it.o
LOAD ./Core/Src/syscalls.o
LOAD ./Core/Src/sysmem.o
LOAD ./Core/Src/system_stm32g0xx.o
LOAD ./Core/Startup/startup_stm32g071rbtx.o
LOAD ./Drivers/STM32G0xx_HAL_Driver/Src/stm32g0xx_hal.o
LOAD ./Drivers/STM32G0xx_HAL_Driver/Src/stm32g0xx_hal_cortex.o
LOAD ./Drivers/STM32G0xx_HAL_Driver/Src/stm32g0xx_hal_dma.o
LOAD ./Drivers/STM32G0xx_HAL_Driver/Src/stm32g0xx_hal_dma_ex.o
LOAD ./Drivers/STM32G0xx_HAL_Driver/Src/stm32g0xx_hal_exti.o
LOAD ./Drivers/STM32G0xx_HAL_Driver/Src/stm32g0xx_hal_flash.o
LOAD ./Drivers/STM32G0xx_HAL_Driver/Src/stm32g0xx_hal_flash_ex.o
LOAD ./Drivers/STM32G0xx_HAL_Driver/Src/stm32g0xx_hal_gpio.o
LOAD ./Drivers/STM32G0xx_HAL_Driver/Src/stm32g0xx_hal_i2c.o
LOAD ./Drivers/STM32G0xx_HAL_Driver/Src/stm32g0xx_hal_i2c_ex.o
LOAD ./Drivers/STM32G0xx_HAL_Driver/Src/stm32g0xx_hal_pwr.o
LOAD ./Drivers/STM32G0xx_HAL_Driver/Src/stm32g0xx_hal_pwr_ex.o
LOAD ./Drivers/STM32G0xx_HAL_Driver/Src/stm32g0xx_hal_rcc.o
LOAD ./Drivers/STM32G0xx_HAL_Driver/Src/stm32g0xx_hal_rcc_ex.o
LOAD ./Drivers/STM32G0xx_HAL_Driver/Src/stm32g0xx_hal_uart.o
LOAD ./Drivers/STM32G0xx_HAL_Driver/Src/stm32g0xx_hal_uart_ex.o
LOAD ./Drivers/STM32G0xx_HAL_Driver/Src/stm32g0xx_ll_rcc.o
START GROUP
LOAD /opt/st/stm32cubeide_1.19.0/plugins/com.st.stm32cube.ide.mcu.externaltools.gnu-tools-for-stm32.13.3.rel1.linux64_1.0.0.202410170706/tools/bin/../lib/gcc/arm-none-eabi/13.3.1/../../../../arm-none-eabi/lib/thumb/v6-m/nofp/libc_nano.a
LOAD /opt/st/stm32cubeide_1.19.0/plugins/com.st.stm32cube.ide.mcu.externaltools.gnu-tools-for-stm32.13.3.rel1.linux64_1.0.0.202410170706/tools/bin/../lib/gcc/arm-none-eabi/13.3.1/../../../../arm-none-eabi/lib/thumb/v6-m/nofp/libm.a
END GROUP
START GROUP
LOAD /opt/st/stm32cubeide_1.19.0/plugins/com.st.stm32cube.ide.mcu.externaltools.gnu-tools-for-stm32.13.3.rel1.linux64_1.0.0.202410170706/tools/bin/../lib/gcc/arm-none-eabi/13.3.1/thumb/v6-m/nofp/libgcc.a
LOAD /opt/st/stm32cubeide_1.19.0/plugins/com.st.stm32cube.ide.mcu.externaltools.gnu-tools-for-stm32.13.3.rel1.linux64_1.0.0.202410170706/tools/bin/../lib/gcc/arm-none-eabi/13.3.1/../../../../arm-none-eabi/lib/thumb/v6-m/nofp/libc_nano.a
END GROUP
START GROUP
LOAD /opt/st/stm32cubeide_1.19.0/plugins/com.st.stm32cube.ide.mcu.externaltools.gnu-tools-for-stm32.13.3.rel1.linux64_1.0.0.202410170706/tools/bin/../lib/gcc/arm-none-eabi/13.3.1/thumb/v6-m/nofp/libgcc.a
LOAD /opt/st/stm32cubeide_1.19.0/plugins/com.st.stm32cube.ide.mcu.externaltools.gnu-tools-for-stm32.13.3.rel1.linux64_1.0.0.202410170706/tools/bin/../lib/gcc/arm-none-eabi/13.3.1/../../../../arm-none-eabi/lib/thumb/v6-m/nofp/libc_nano.a
LOAD /opt/st/stm32cubeide_1.19.0/plugins/com.st.stm32cube.ide.mcu.externaltools.gnu-tools-for-stm32.13.3.rel1.linux64_1.0.0.202410170706/tools/bin/../lib/gcc/arm-none-eabi/13.3.1/../../../../arm-none-eabi/lib/thumb/v6-m/nofp/libnosys.a
END GROUP
START GROUP
LOAD /opt/st/stm32cubeide_1.19.0/plugins/com.st.stm32cube.ide.mcu.externaltools.gnu-tools-for-stm32.13.3.rel1.linux64_1.0.0.202410170706/tools/bin/../lib/gcc/arm-none-eabi/13.3.1/thumb/v6-m/nofp/libgcc.a
LOAD /opt/st/stm32cubeide_1.19.0/plugins/com.st.stm32cube.ide.mcu.externaltools.gnu-tools-for-stm32.13.3.rel1.linux64_1.0.0.202410170706/tools/bin/../lib/gcc/arm-none-eabi/13.3.1/../../../../arm-none-eabi/lib/thumb/v6-m/nofp/libc_nano.a
LOAD /opt/st/stm32cubeide_1.19.0/plugins/com.st.stm32cube.ide.mcu.externaltools.gnu-tools-for-stm32.13.3.rel1.linux64_1.0.0.202410170706/tools/bin/../lib/gcc/arm-none-eabi/13.3.1/../../../../arm-none-eabi/lib/thumb/v6-m/nofp/libnosys.a
END GROUP
LOAD /opt/st/stm32cubeide_1.19.0/plugins/com.st.stm32cube.ide.mcu.externaltools.gnu-tools-for-stm32.13.3.rel1.linux64_1.0.0.202410170706/tools/bin/../lib/gcc/arm-none-eabi/13.3.1/thumb/v6-m/nofp/crtend.o
LOAD /opt/st/stm32cubeide_1.19.0/plugins/com.st.stm32cube.ide.mcu.externaltools.gnu-tools-for-stm32.13.3.rel1.linux64_1.0.0.202410170706/tools/bin/../lib/gcc/arm-none-eabi/13.3.1/thumb/v6-m/nofp/crtn.o
                0x20009000                        _estack = (ORIGIN (RAM) + LENGTH (RAM))
                0x00000200                        _Min_Heap_Size = 0x200
                0x00000400                        _Min_Stack_Size = 0x400

.isr_vector     0x08000000       0xbc
                0x08000000                        . = ALIGN (0x4)
 *(.isr_vector)
 .isr_vector    0x08000000       0xbc ./Core/Startup/startup_stm32g071rbtx.o
                0x08000000                g_pfnVectors
                0x080000bc                        . = ALIGN (0x4)

.text           0x080000bc     0x6fe0
                0x080000bc                        . = ALIGN (0x4)
 *(.text)
 .text          0x080000bc       0x48 /opt/st/stm32cubeide_1.19.0/plugins/com.st.stm32cube.ide.mcu.externaltools.gnu-tools-for-stm32.13.3.rel1.linux64_1.0.0.202410170706/tools/bin/../lib/gcc/arm-none-eabi/13.3.1/thumb/v6-m/nofp/crtbegin.o
 .text          0x08000104        0xe /opt/st/stm32cubeide_1.19.0/plugins/com.st.stm32cube.ide.mcu.externaltools.gnu-tools-for-stm32.13.3.rel1.linux64_1.0.0.202410170706/tools/bin/../lib/gcc/arm-none-eabi/13.3.1/../../../../arm-none-eabi/lib/thumb/v6-m/nofp/libc_nano.a(libc_a-strlen.o)
                0x08000104                strlen
 *fill*         0x08000112        0x2 
 .text          0x08000114       0x14 /opt/st/stm32cubeide_1.19.0/plugins/com.st.stm32cube.ide.mcu.externaltools.gnu-tools-for-stm32.13.3.rel1.linux64_1.0.0.202410170706/tools/bin/../lib/gcc/arm-none-eabi/13.3.1/thumb/v6-m/nofp/libgcc.a(_thumb1_case_shi.o)
                0x08000114                __gnu_thumb1_case_shi
 .text          0x08000128      0x114 /opt/st/stm32cubeide_1.19.0/plugins/com.st.stm32cube.ide.mcu.externaltools.gnu-tools-for-stm32.13.3.rel1.linux64_1.0.0.202410170706/tools/bin/../lib/gcc/arm-none-eabi/13.3.1/thumb/v6-m/nofp/libgcc.a(_udivsi3.o)
                0x08000128                __udivsi3
                0x08000128                __aeabi_uidiv
                0x08000234                __aeabi_uidivmod
 .text          0x0800023c      0x1d4 /opt/st/stm32cubeide_1.19.0/plugins/com.st.stm32cube.ide.mcu.externaltools.gnu-tools-for-stm32.13.3.rel1.linux64_1.0.0.202410170706/tools/bin/../lib/gcc/arm-none-eabi/13.3.1/thumb/v6-m/nofp/libgcc.a(_divsi3.o)
                0x0800023c                __aeabi_idiv
                0x0800023c                __divsi3
                0x08000408                __aeabi_idivmod
 .text          0x08000410        0x4 /opt/st/stm32cubeide_1.19.0/plugins/com.st.stm32cube.ide.mcu.externaltools.gnu-tools-for-stm32.13.3.rel1.linux64_1.0.0.202410170706/tools/bin/../lib/gcc/arm-none-eabi/13.3.1/thumb/v6-m/nofp/libgcc.a(_dvmd_tls.o)
                0x08000410                __aeabi_ldiv0
                0x08000410                __aeabi_idiv0
 .text          0x08000414       0x7c /opt/st/stm32cubeide_1.19.0/plugins/com.st.stm32cube.ide.mcu.externaltools.gnu-tools-for-stm32.13.3.rel1.linux64_1.0.0.202410170706/tools/bin/../lib/gcc/arm-none-eabi/13.3.1/thumb/v6-m/nofp/libgcc.a(_arm_cmpdf2.o)
                0x08000414                __aeabi_cdrcmple
                0x08000424                __aeabi_cdcmple
                0x08000424                __aeabi_cdcmpeq
                0x08000434                __aeabi_dcmpeq
                0x08000440                __aeabi_dcmplt
                0x08000454                __aeabi_dcmple
                0x08000468                __aeabi_dcmpgt
                0x0800047c                __aeabi_dcmpge
 .text          0x08000490       0x40 /opt/st/stm32cubeide_1.19.0/plugins/com.st.stm32cube.ide.mcu.externaltools.gnu-tools-for-stm32.13.3.rel1.linux64_1.0.0.202410170706/tools/bin/../lib/gcc/arm-none-eabi/13.3.1/thumb/v6-m/nofp/libgcc.a(_aeabi_uldivmod.o)
                0x08000490                __aeabi_uldivmod
 .text          0x080004d0      0x198 /opt/st/stm32cubeide_1.19.0/plugins/com.st.stm32cube.ide.mcu.externaltools.gnu-tools-for-stm32.13.3.rel1.linux64_1.0.0.202410170706/tools/bin/../lib/gcc/arm-none-eabi/13.3.1/thumb/v6-m/nofp/libgcc.a(_udivmoddi4.o)
                0x080004d0                __udivmoddi4
 .text          0x08000668      0x2b4 /opt/st/stm32cubeide_1.19.0/plugins/com.st.stm32cube.ide.mcu.externaltools.gnu-tools-for-stm32.13.3.rel1.linux64_1.0.0.202410170706/tools/bin/../lib/gcc/arm-none-eabi/13.3.1/thumb/v6-m/nofp/libgcc.a(mulsf3.o)
                0x08000668                __aeabi_fmul
 .text          0x0800091c       0x40 /opt/st/stm32cubeide_1.19.0/plugins/com.st.stm32cube.ide.mcu.externaltools.gnu-tools-for-stm32.13.3.rel1.linux64_1.0.0.202410170706/tools/bin/../lib/gcc/arm-none-eabi/13.3.1/thumb/v6-m/nofp/libgcc.a(fixsfsi.o)
                0x0800091c                __aeabi_f2iz
 .text          0x0800095c      0x78c /opt/st/stm32cubeide_1.19.0/plugins/com.st.stm32cube.ide.mcu.externaltools.gnu-tools-for-stm32.13.3.rel1.linux64_1.0.0.202410170706/tools/bin/../lib/gcc/arm-none-eabi/13.3.1/thumb/v6-m/nofp/libgcc.a(adddf3.o)
                0x0800095c                __aeabi_dadd
 .text          0x080010e8      0x630 /opt/st/stm32cubeide_1.19.0/plugins/com.st.stm32cube.ide.mcu.externaltools.gnu-tools-for-stm32.13.3.rel1.linux64_1.0.0.202410170706/tools/bin/../lib/gcc/arm-none-eabi/13.3.1/thumb/v6-m/nofp/libgcc.a(divdf3.o)
                0x080010e8                __aeabi_ddiv
 .text          0x08001718       0x88 /opt/st/stm32cubeide_1.19.0/plugins/com.st.stm32cube.ide.mcu.externaltools.gnu-tools-for-stm32.13.3.rel1.linux64_1.0.0.202410170706/tools/bin/../lib/gcc/arm-none-eabi/13.3.1/thumb/v6-m/nofp/libgcc.a(eqdf2.o)
                0x08001718                __eqdf2
                0x08001718                __nedf2
 .text          0x080017a0       0xe0 /opt/st/stm32cubeide_1.19.0/plugins/com.st.stm32cube.ide.mcu.externaltools.gnu-tools-for-stm32.13.3.rel1.linux64_1.0.0.202410170706/tools/bin/../lib/gcc/arm-none-eabi/13.3.1/thumb/v6-m/nofp/libgcc.a(gedf2.o)
                0x080017a0                __gtdf2
                0x080017a0                __gedf2
 .text          0x08001880       0xdc /opt/st/stm32cubeide_1.19.0/plugins/com.st.stm32cube.ide.mcu.externaltools.gnu-tools-for-stm32.13.3.rel1.linux64_1.0.0.202410170706/tools/bin/../lib/gcc/arm-none-eabi/13.3.1/thumb/v6-m/nofp/libgcc.a(ledf2.o)
                0x08001880                __ltdf2
                0x08001880                __ledf2
 .text          0x0800195c      0x5cc /opt/st/stm32cubeide_1.19.0/plugins/com.st.stm32cube.ide.mcu.externaltools.gnu-tools-for-stm32.13.3.rel1.linux64_1.0.0.202410170706/tools/bin/../lib/gcc/arm-none-eabi/13.3.1/thumb/v6-m/nofp/libgcc.a(muldf3.o)
                0x0800195c                __aeabi_dmul
 .text          0x08001f28      0x814 /opt/st/stm32cubeide_1.19.0/plugins/com.st.stm32cube.ide.mcu.externaltools.gnu-tools-for-stm32.13.3.rel1.linux64_1.0.0.202410170706/tools/bin/../lib/gcc/arm-none-eabi/13.3.1/thumb/v6-m/nofp/libgcc.a(subdf3.o)
                0x08001f28                __aeabi_dsub
 .text          0x0800273c       0x5c /opt/st/stm32cubeide_1.19.0/plugins/com.st.stm32cube.ide.mcu.externaltools.gnu-tools-for-stm32.13.3.rel1.linux64_1.0.0.202410170706/tools/bin/../lib/gcc/arm-none-eabi/13.3.1/thumb/v6-m/nofp/libgcc.a(floatsidf.o)
                0x0800273c                __aeabi_i2d
 .text          0x08002798       0x90 /opt/st/stm32cubeide_1.19.0/plugins/com.st.stm32cube.ide.mcu.externaltools.gnu-tools-for-stm32.13.3.rel1.linux64_1.0.0.202410170706/tools/bin/../lib/gcc/arm-none-eabi/13.3.1/thumb/v6-m/nofp/libgcc.a(extendsfdf2.o)
                0x08002798                __aeabi_f2d
 .text          0x08002828      0x104 /opt/st/stm32cubeide_1.19.0/plugins/com.st.stm32cube.ide.mcu.externaltools.gnu-tools-for-stm32.13.3.rel1.linux64_1.0.0.202410170706/tools/bin/../lib/gcc/arm-none-eabi/13.3.1/thumb/v6-m/nofp/libgcc.a(truncdfsf2.o)
                0x08002828                __aeabi_d2f
 .text          0x0800292c       0x3c /opt/st/stm32cubeide_1.19.0/plugins/com.st.stm32cube.ide.mcu.externaltools.gnu-tools-for-stm32.13.3.rel1.linux64_1.0.0.202410170706/tools/bin/../lib/gcc/arm-none-eabi/13.3.1/thumb/v6-m/nofp/libgcc.a(_clzsi2.o)
                0x0800292c                __clzsi2
 .text          0x08002968       0x18 /opt/st/stm32cubeide_1.19.0/plugins/com.st.stm32cube.ide.mcu.externaltools.gnu-tools-for-stm32.13.3.rel1.linux64_1.0.0.202410170706/tools/bin/../lib/gcc/arm-none-eabi/13.3.1/thumb/v6-m/nofp/libgcc.a(_clzdi2.o)
                0x08002968                __clzdi2
 *(.text*)
 .text.MPU6050_Init
                0x08002980       0x34 ./Core/Src/main.o
                0x08002980                MPU6050_Init
 .text.MPU6050_Read
                0x080029b4       0xd8 ./Core/Src/main.o
                0x080029b4                MPU6050_Read
 .text.MPU6050_Convert
                0x08002a8c      0x128 ./Core/Src/main.o
                0x08002a8c                MPU6050_Convert
 .text.MPU6050_Angle
                0x08002bb4       0xa4 ./Core/Src/main.o
                0x08002bb4                MPU6050_Angle
 .text.main     0x08002c58      0x200 ./Core/Src/main.o
                0x08002c58                main
 .text.SystemClock_Config
                0x08002e58       0x90 ./Core/Src/main.o
                0x08002e58                SystemClock_Config
 .text.MX_I2C2_Init
                0x08002ee8       0x80 ./Core/Src/main.o
 .text.MX_USART1_UART_Init
                0x08002f68       0x9c ./Core/Src/main.o
 .text.MX_USART2_UART_Init
                0x08003004       0x9c ./Core/Src/main.o
 .text.MX_GPIO_Init
                0x080030a0       0x5c ./Core/Src/main.o
 .text.Error_Handler
                0x080030fc        0xc ./Core/Src/main.o
                0x080030fc                Error_Handler
 .text.HAL_MspInit
                0x08003108       0x48 ./Core/Src/stm32g0xx_hal_msp.o
                0x08003108                HAL_MspInit
 .text.HAL_I2C_MspInit
                0x08003150       0xe0 ./Core/Src/stm32g0xx_hal_msp.o
                0x08003150                HAL_I2C_MspInit
 .text.HAL_UART_MspInit
                0x08003230      0x154 ./Core/Src/stm32g0xx_hal_msp.o
                0x08003230                HAL_UART_MspInit
 .text.NMI_Handler
                0x08003384        0x8 ./Core/Src/stm32g0xx_it.o
                0x08003384                NMI_Handler
 .text.HardFault_Handler
                0x0800338c        0x8 ./Core/Src/stm32g0xx_it.o
                0x0800338c                HardFault_Handler
 .text.SVC_Handler
                0x08003394        0xa ./Core/Src/stm32g0xx_it.o
                0x08003394                SVC_Handler
 .text.PendSV_Handler
                0x0800339e        0xa ./Core/Src/stm32g0xx_it.o
                0x0800339e                PendSV_Handler
 .text.SysTick_Handler
                0x080033a8        0xe ./Core/Src/stm32g0xx_it.o
                0x080033a8                SysTick_Handler
 *fill*         0x080033b6        0x2 
 .text._sbrk    0x080033b8       0x6c ./Core/Src/sysmem.o
                0x080033b8                _sbrk
 .text.SystemInit
                0x08003424        0xa ./Core/Src/system_stm32g0xx.o
                0x08003424                SystemInit
 *fill*         0x0800342e        0x2 
 .text.Reset_Handler
                0x08003430       0x50 ./Core/Startup/startup_stm32g071rbtx.o
                0x08003430                Reset_Handler
 .text.Default_Handler
                0x08003480        0x2 ./Core/Startup/startup_stm32g071rbtx.o
                0x08003480                USART3_4_LPUART1_IRQHandler
                0x08003480                TIM1_CC_IRQHandler
                0x08003480                ADC1_COMP_IRQHandler
                0x08003480                PVD_IRQHandler
                0x08003480                I2C1_IRQHandler
                0x08003480                TIM7_LPTIM2_IRQHandler
                0x08003480                RTC_TAMP_IRQHandler
                0x08003480                SPI1_IRQHandler
                0x08003480                EXTI2_3_IRQHandler
                0x08003480                I2C2_IRQHandler
                0x08003480                TIM17_IRQHandler
                0x08003480                TIM16_IRQHandler
                0x08003480                TIM3_IRQHandler
                0x08003480                EXTI4_15_IRQHandler
                0x08003480                RCC_IRQHandler
                0x08003480                DMA1_Channel1_IRQHandler
                0x08003480                Default_Handler
                0x08003480                CEC_IRQHandler
                0x08003480                TIM14_IRQHandler
                0x08003480                TIM15_IRQHandler
                0x08003480                EXTI0_1_IRQHandler
                0x08003480                SPI2_IRQHandler
                0x08003480                TIM6_DAC_LPTIM1_IRQHandler
                0x08003480                WWDG_IRQHandler
                0x08003480                TIM2_IRQHandler
                0x08003480                DMA1_Ch4_7_DMAMUX1_OVR_IRQHandler
                0x08003480                DMA1_Channel2_3_IRQHandler
                0x08003480                UCPD1_2_IRQHandler
                0x08003480                USART2_IRQHandler
                0x08003480                FLASH_IRQHandler
                0x08003480                USART1_IRQHandler
                0x08003480                TIM1_BRK_UP_TRG_COM_IRQHandler
 *fill*         0x08003482        0x2 
 .text.HAL_Init
                0x08003484       0x40 ./Drivers/STM32G0xx_HAL_Driver/Src/stm32g0xx_hal.o
                0x08003484                HAL_Init
 .text.HAL_InitTick
                0x080034c4       0x94 ./Drivers/STM32G0xx_HAL_Driver/Src/stm32g0xx_hal.o
                0x080034c4                HAL_InitTick
 .text.HAL_IncTick
                0x08003558       0x24 ./Drivers/STM32G0xx_HAL_Driver/Src/stm32g0xx_hal.o
                0x08003558                HAL_IncTick
 .text.HAL_GetTick
                0x0800357c       0x14 ./Drivers/STM32G0xx_HAL_Driver/Src/stm32g0xx_hal.o
                0x0800357c                HAL_GetTick
 .text.HAL_Delay
                0x08003590       0x48 ./Drivers/STM32G0xx_HAL_Driver/Src/stm32g0xx_hal.o
                0x08003590                HAL_Delay
 .text.__NVIC_SetPriority
                0x080035d8       0xdc ./Drivers/STM32G0xx_HAL_Driver/Src/stm32g0xx_hal_cortex.o
 .text.SysTick_Config
                0x080036b4       0x48 ./Drivers/STM32G0xx_HAL_Driver/Src/stm32g0xx_hal_cortex.o
 .text.HAL_NVIC_SetPriority
                0x080036fc       0x2a ./Drivers/STM32G0xx_HAL_Driver/Src/stm32g0xx_hal_cortex.o
                0x080036fc                HAL_NVIC_SetPriority
 .text.HAL_SYSTICK_Config
                0x08003726       0x1a ./Drivers/STM32G0xx_HAL_Driver/Src/stm32g0xx_hal_cortex.o
                0x08003726                HAL_SYSTICK_Config
 .text.HAL_GPIO_Init
                0x08003740      0x2c8 ./Drivers/STM32G0xx_HAL_Driver/Src/stm32g0xx_hal_gpio.o
                0x08003740                HAL_GPIO_Init
 .text.HAL_I2C_Init
                0x08003a08      0x14c ./Drivers/STM32G0xx_HAL_Driver/Src/stm32g0xx_hal_i2c.o
                0x08003a08                HAL_I2C_Init
 .text.HAL_I2C_Mem_Write
                0x08003b54      0x25c ./Drivers/STM32G0xx_HAL_Driver/Src/stm32g0xx_hal_i2c.o
                0x08003b54                HAL_I2C_Mem_Write
 .text.HAL_I2C_Mem_Read
                0x08003db0      0x268 ./Drivers/STM32G0xx_HAL_Driver/Src/stm32g0xx_hal_i2c.o
                0x08003db0                HAL_I2C_Mem_Read
 .text.I2C_RequestMemoryWrite
                0x08004018       0xc8 ./Drivers/STM32G0xx_HAL_Driver/Src/stm32g0xx_hal_i2c.o
 .text.I2C_RequestMemoryRead
                0x080040e0       0xc4 ./Drivers/STM32G0xx_HAL_Driver/Src/stm32g0xx_hal_i2c.o
 .text.I2C_Flush_TXDR
                0x080041a4       0x44 ./Drivers/STM32G0xx_HAL_Driver/Src/stm32g0xx_hal_i2c.o
 .text.I2C_WaitOnFlagUntilTimeout
                0x080041e8       0xb0 ./Drivers/STM32G0xx_HAL_Driver/Src/stm32g0xx_hal_i2c.o
 .text.I2C_WaitOnTXISFlagUntilTimeout
                0x08004298       0x8c ./Drivers/STM32G0xx_HAL_Driver/Src/stm32g0xx_hal_i2c.o
 .text.I2C_WaitOnSTOPFlagUntilTimeout
                0x08004324       0x86 ./Drivers/STM32G0xx_HAL_Driver/Src/stm32g0xx_hal_i2c.o
 *fill*         0x080043aa        0x2 
 .text.I2C_IsErrorOccurred
                0x080043ac      0x1f0 ./Drivers/STM32G0xx_HAL_Driver/Src/stm32g0xx_hal_i2c.o
 .text.I2C_TransferConfig
                0x0800459c       0x74 ./Drivers/STM32G0xx_HAL_Driver/Src/stm32g0xx_hal_i2c.o
 .text.HAL_I2CEx_ConfigAnalogFilter
                0x08004610       0x98 ./Drivers/STM32G0xx_HAL_Driver/Src/stm32g0xx_hal_i2c_ex.o
                0x08004610                HAL_I2CEx_ConfigAnalogFilter
 .text.HAL_I2CEx_ConfigDigitalFilter
                0x080046a8       0x98 ./Drivers/STM32G0xx_HAL_Driver/Src/stm32g0xx_hal_i2c_ex.o
                0x080046a8                HAL_I2CEx_ConfigDigitalFilter
 .text.HAL_PWREx_ControlVoltageScaling
                0x08004740       0x80 ./Drivers/STM32G0xx_HAL_Driver/Src/stm32g0xx_hal_pwr_ex.o
                0x08004740                HAL_PWREx_ControlVoltageScaling
 .text.LL_RCC_GetAPB1Prescaler
                0x080047c0       0x18 ./Drivers/STM32G0xx_HAL_Driver/Src/stm32g0xx_hal_rcc.o
 .text.HAL_RCC_OscConfig
                0x080047d8      0x634 ./Drivers/STM32G0xx_HAL_Driver/Src/stm32g0xx_hal_rcc.o
                0x080047d8                HAL_RCC_OscConfig
 .text.HAL_RCC_ClockConfig
                0x08004e0c      0x210 ./Drivers/STM32G0xx_HAL_Driver/Src/stm32g0xx_hal_rcc.o
                0x08004e0c                HAL_RCC_ClockConfig
 .text.HAL_RCC_GetSysClockFreq
                0x0800501c      0x104 ./Drivers/STM32G0xx_HAL_Driver/Src/stm32g0xx_hal_rcc.o
                0x0800501c                HAL_RCC_GetSysClockFreq
 .text.HAL_RCC_GetHCLKFreq
                0x08005120       0x14 ./Drivers/STM32G0xx_HAL_Driver/Src/stm32g0xx_hal_rcc.o
                0x08005120                HAL_RCC_GetHCLKFreq
 .text.HAL_RCC_GetPCLK1Freq
                0x08005134       0x2c ./Drivers/STM32G0xx_HAL_Driver/Src/stm32g0xx_hal_rcc.o
                0x08005134                HAL_RCC_GetPCLK1Freq
 .text.HAL_RCCEx_PeriphCLKConfig
                0x08005160      0x370 ./Drivers/STM32G0xx_HAL_Driver/Src/stm32g0xx_hal_rcc_ex.o
                0x08005160                HAL_RCCEx_PeriphCLKConfig
 .text.HAL_UART_Init
                0x080054d0       0xac ./Drivers/STM32G0xx_HAL_Driver/Src/stm32g0xx_hal_uart.o
                0x080054d0                HAL_UART_Init
 .text.HAL_UART_Transmit
                0x0800557c      0x15c ./Drivers/STM32G0xx_HAL_Driver/Src/stm32g0xx_hal_uart.o
                0x0800557c                HAL_UART_Transmit
 .text.UART_SetConfig
                0x080056d8      0x57c ./Drivers/STM32G0xx_HAL_Driver/Src/stm32g0xx_hal_uart.o
                0x080056d8                UART_SetConfig
 .text.UART_AdvFeatureConfig
                0x08005c54      0x168 ./Drivers/STM32G0xx_HAL_Driver/Src/stm32g0xx_hal_uart.o
                0x08005c54                UART_AdvFeatureConfig
 .text.UART_CheckIdleState
                0x08005dbc      0x154 ./Drivers/STM32G0xx_HAL_Driver/Src/stm32g0xx_hal_uart.o
                0x08005dbc                UART_CheckIdleState
 .text.UART_WaitOnFlagUntilTimeout
                0x08005f10       0xde ./Drivers/STM32G0xx_HAL_Driver/Src/stm32g0xx_hal_uart.o
                0x08005f10                UART_WaitOnFlagUntilTimeout
 *fill*         0x08005fee        0x2 
 .text.UART_EndRxTransfer
                0x08005ff0       0xcc ./Drivers/STM32G0xx_HAL_Driver/Src/stm32g0xx_hal_uart.o
 .text.HAL_UARTEx_DisableFifoMode
                0x080060bc       0x74 ./Drivers/STM32G0xx_HAL_Driver/Src/stm32g0xx_hal_uart_ex.o
                0x080060bc                HAL_UARTEx_DisableFifoMode
 .text.HAL_UARTEx_SetTxFifoThreshold
                0x08006130       0x7e ./Drivers/STM32G0xx_HAL_Driver/Src/stm32g0xx_hal_uart_ex.o
                0x08006130                HAL_UARTEx_SetTxFifoThreshold
 *fill*         0x080061ae        0x2 
 .text.HAL_UARTEx_SetRxFifoThreshold
                0x080061b0       0x84 ./Drivers/STM32G0xx_HAL_Driver/Src/stm32g0xx_hal_uart_ex.o
                0x080061b0                HAL_UARTEx_SetRxFifoThreshold
 .text.UARTEx_SetNbDataToProcess
                0x08006234       0xbc ./Drivers/STM32G0xx_HAL_Driver/Src/stm32g0xx_hal_uart_ex.o
 .text.sprintf  0x080062f0       0x44 /opt/st/stm32cubeide_1.19.0/plugins/com.st.stm32cube.ide.mcu.externaltools.gnu-tools-for-stm32.13.3.rel1.linux64_1.0.0.202410170706/tools/bin/../lib/gcc/arm-none-eabi/13.3.1/../../../../arm-none-eabi/lib/thumb/v6-m/nofp/libc_nano.a(libc_a-sprintf.o)
                0x080062f0                sprintf
                0x080062f0                siprintf
 .text.memset   0x08006334       0x10 /opt/st/stm32cubeide_1.19.0/plugins/com.st.stm32cube.ide.mcu.externaltools.gnu-tools-for-stm32.13.3.rel1.linux64_1.0.0.202410170706/tools/bin/../lib/gcc/arm-none-eabi/13.3.1/../../../../arm-none-eabi/lib/thumb/v6-m/nofp/libc_nano.a(libc_a-memset.o)
                0x08006334                memset
 .text.__errno  0x08006344        0xc /opt/st/stm32cubeide_1.19.0/plugins/com.st.stm32cube.ide.mcu.externaltools.gnu-tools-for-stm32.13.3.rel1.linux64_1.0.0.202410170706/tools/bin/../lib/gcc/arm-none-eabi/13.3.1/../../../../arm-none-eabi/lib/thumb/v6-m/nofp/libc_nano.a(libc_a-errno.o)
                0x08006344                __errno
 .text.__libc_init_array
                0x08006350       0x48 /opt/st/stm32cubeide_1.19.0/plugins/com.st.stm32cube.ide.mcu.externaltools.gnu-tools-for-stm32.13.3.rel1.linux64_1.0.0.202410170706/tools/bin/../lib/gcc/arm-none-eabi/13.3.1/../../../../arm-none-eabi/lib/thumb/v6-m/nofp/libc_nano.a(libc_a-init.o)
                0x08006350                __libc_init_array
 .text.__retarget_lock_acquire_recursive
                0x08006398        0x2 /opt/st/stm32cubeide_1.19.0/plugins/com.st.stm32cube.ide.mcu.externaltools.gnu-tools-for-stm32.13.3.rel1.linux64_1.0.0.202410170706/tools/bin/../lib/gcc/arm-none-eabi/13.3.1/../../../../arm-none-eabi/lib/thumb/v6-m/nofp/libc_nano.a(libc_a-lock.o)
                0x08006398                __retarget_lock_acquire_recursive
 .text.__retarget_lock_release_recursive
                0x0800639a        0x2 /opt/st/stm32cubeide_1.19.0/plugins/com.st.stm32cube.ide.mcu.externaltools.gnu-tools-for-stm32.13.3.rel1.linux64_1.0.0.202410170706/tools/bin/../lib/gcc/arm-none-eabi/13.3.1/../../../../arm-none-eabi/lib/thumb/v6-m/nofp/libc_nano.a(libc_a-lock.o)
                0x0800639a                __retarget_lock_release_recursive
 .text._free_r  0x0800639c       0x94 /opt/st/stm32cubeide_1.19.0/plugins/com.st.stm32cube.ide.mcu.externaltools.gnu-tools-for-stm32.13.3.rel1.linux64_1.0.0.202410170706/tools/bin/../lib/gcc/arm-none-eabi/13.3.1/../../../../arm-none-eabi/lib/thumb/v6-m/nofp/libc_nano.a(libc_a-freer.o)
                0x0800639c                _free_r
 .text.sbrk_aligned
                0x08006430       0x44 /opt/st/stm32cubeide_1.19.0/plugins/com.st.stm32cube.ide.mcu.externaltools.gnu-tools-for-stm32.13.3.rel1.linux64_1.0.0.202410170706/tools/bin/../lib/gcc/arm-none-eabi/13.3.1/../../../../arm-none-eabi/lib/thumb/v6-m/nofp/libc_nano.a(libc_a-mallocr.o)
 .text._malloc_r
                0x08006474      0x100 /opt/st/stm32cubeide_1.19.0/plugins/com.st.stm32cube.ide.mcu.externaltools.gnu-tools-for-stm32.13.3.rel1.linux64_1.0.0.202410170706/tools/bin/../lib/gcc/arm-none-eabi/13.3.1/../../../../arm-none-eabi/lib/thumb/v6-m/nofp/libc_nano.a(libc_a-mallocr.o)
                0x08006474                _malloc_r
 .text.__malloc_lock
                0x08006574       0x10 /opt/st/stm32cubeide_1.19.0/plugins/com.st.stm32cube.ide.mcu.externaltools.gnu-tools-for-stm32.13.3.rel1.linux64_1.0.0.202410170706/tools/bin/../lib/gcc/arm-none-eabi/13.3.1/../../../../arm-none-eabi/lib/thumb/v6-m/nofp/libc_nano.a(libc_a-mlock.o)
                0x08006574                __malloc_lock
 .text.__malloc_unlock
                0x08006584       0x10 /opt/st/stm32cubeide_1.19.0/plugins/com.st.stm32cube.ide.mcu.externaltools.gnu-tools-for-stm32.13.3.rel1.linux64_1.0.0.202410170706/tools/bin/../lib/gcc/arm-none-eabi/13.3.1/../../../../arm-none-eabi/lib/thumb/v6-m/nofp/libc_nano.a(libc_a-mlock.o)
                0x08006584                __malloc_unlock
 .text.__ssputs_r
                0x08006594       0xc0 /opt/st/stm32cubeide_1.19.0/plugins/com.st.stm32cube.ide.mcu.externaltools.gnu-tools-for-stm32.13.3.rel1.linux64_1.0.0.202410170706/tools/bin/../lib/gcc/arm-none-eabi/13.3.1/../../../../arm-none-eabi/lib/thumb/v6-m/nofp/libc_nano.a(libc_a-nano-svfprintf.o)
                0x08006594                __ssputs_r
 .text._svfprintf_r
                0x08006654      0x1fc /opt/st/stm32cubeide_1.19.0/plugins/com.st.stm32cube.ide.mcu.externaltools.gnu-tools-for-stm32.13.3.rel1.linux64_1.0.0.202410170706/tools/bin/../lib/gcc/arm-none-eabi/13.3.1/../../../../arm-none-eabi/lib/thumb/v6-m/nofp/libc_nano.a(libc_a-nano-svfprintf.o)
                0x08006654                _svfprintf_r
                0x08006654                _svfiprintf_r
 .text._printf_common
                0x08006850       0xde /opt/st/stm32cubeide_1.19.0/plugins/com.st.stm32cube.ide.mcu.externaltools.gnu-tools-for-stm32.13.3.rel1.linux64_1.0.0.202410170706/tools/bin/../lib/gcc/arm-none-eabi/13.3.1/../../../../arm-none-eabi/lib/thumb/v6-m/nofp/libc_nano.a(libc_a-nano-vfprintf_i.o)
                0x08006850                _printf_common
 *fill*         0x0800692e        0x2 
 .text._printf_i
                0x08006930      0x218 /opt/st/stm32cubeide_1.19.0/plugins/com.st.stm32cube.ide.mcu.externaltools.gnu-tools-for-stm32.13.3.rel1.linux64_1.0.0.202410170706/tools/bin/../lib/gcc/arm-none-eabi/13.3.1/../../../../arm-none-eabi/lib/thumb/v6-m/nofp/libc_nano.a(libc_a-nano-vfprintf_i.o)
                0x08006930                _printf_i
 .text.memmove  0x08006b48       0x24 /opt/st/stm32cubeide_1.19.0/plugins/com.st.stm32cube.ide.mcu.externaltools.gnu-tools-for-stm32.13.3.rel1.linux64_1.0.0.202410170706/tools/bin/../lib/gcc/arm-none-eabi/13.3.1/../../../../arm-none-eabi/lib/thumb/v6-m/nofp/libc_nano.a(libc_a-memmove.o)
                0x08006b48                memmove
 .text._sbrk_r  0x08006b6c       0x24 /opt/st/stm32cubeide_1.19.0/plugins/com.st.stm32cube.ide.mcu.externaltools.gnu-tools-for-stm32.13.3.rel1.linux64_1.0.0.202410170706/tools/bin/../lib/gcc/arm-none-eabi/13.3.1/../../../../arm-none-eabi/lib/thumb/v6-m/nofp/libc_nano.a(libc_a-sbrkr.o)
                0x08006b6c                _sbrk_r
 .text.memchr   0x08006b90       0x16 /opt/st/stm32cubeide_1.19.0/plugins/com.st.stm32cube.ide.mcu.externaltools.gnu-tools-for-stm32.13.3.rel1.linux64_1.0.0.202410170706/tools/bin/../lib/gcc/arm-none-eabi/13.3.1/../../../../arm-none-eabi/lib/thumb/v6-m/nofp/libc_nano.a(libc_a-memchr-stub.o)
                0x08006b90                memchr
 .text.memcpy   0x08006ba6       0x12 /opt/st/stm32cubeide_1.19.0/plugins/com.st.stm32cube.ide.mcu.externaltools.gnu-tools-for-stm32.13.3.rel1.linux64_1.0.0.202410170706/tools/bin/../lib/gcc/arm-none-eabi/13.3.1/../../../../arm-none-eabi/lib/thumb/v6-m/nofp/libc_nano.a(libc_a-memcpy-stub.o)
                0x08006ba6                memcpy
 .text._realloc_r
                0x08006bb8       0x60 /opt/st/stm32cubeide_1.19.0/plugins/com.st.stm32cube.ide.mcu.externaltools.gnu-tools-for-stm32.13.3.rel1.linux64_1.0.0.202410170706/tools/bin/../lib/gcc/arm-none-eabi/13.3.1/../../../../arm-none-eabi/lib/thumb/v6-m/nofp/libc_nano.a(libc_a-reallocr.o)
                0x08006bb8                _realloc_r
 .text._malloc_usable_size_r
                0x08006c18       0x10 /opt/st/stm32cubeide_1.19.0/plugins/com.st.stm32cube.ide.mcu.externaltools.gnu-tools-for-stm32.13.3.rel1.linux64_1.0.0.202410170706/tools/bin/../lib/gcc/arm-none-eabi/13.3.1/../../../../arm-none-eabi/lib/thumb/v6-m/nofp/libc_nano.a(libc_a-msizer.o)
                0x08006c18                _malloc_usable_size_r
 .text.atan2    0x08006c28        0x8 /opt/st/stm32cubeide_1.19.0/plugins/com.st.stm32cube.ide.mcu.externaltools.gnu-tools-for-stm32.13.3.rel1.linux64_1.0.0.202410170706/tools/bin/../lib/gcc/arm-none-eabi/13.3.1/../../../../arm-none-eabi/lib/thumb/v6-m/nofp/libm.a(libm_a-w_atan2.o)
                0x08006c28                atan2
 .text.__ieee754_atan2
                0x08006c30      0x14c /opt/st/stm32cubeide_1.19.0/plugins/com.st.stm32cube.ide.mcu.externaltools.gnu-tools-for-stm32.13.3.rel1.linux64_1.0.0.202410170706/tools/bin/../lib/gcc/arm-none-eabi/13.3.1/../../../../arm-none-eabi/lib/thumb/v6-m/nofp/libm.a(libm_a-e_atan2.o)
                0x08006c30                __ieee754_atan2
 .text.atan     0x08006d7c      0x300 /opt/st/stm32cubeide_1.19.0/plugins/com.st.stm32cube.ide.mcu.externaltools.gnu-tools-for-stm32.13.3.rel1.linux64_1.0.0.202410170706/tools/bin/../lib/gcc/arm-none-eabi/13.3.1/../../../../arm-none-eabi/lib/thumb/v6-m/nofp/libm.a(libm_a-s_atan.o)
                0x08006d7c                atan
 .text.fabs     0x0800707c        0x8 /opt/st/stm32cubeide_1.19.0/plugins/com.st.stm32cube.ide.mcu.externaltools.gnu-tools-for-stm32.13.3.rel1.linux64_1.0.0.202410170706/tools/bin/../lib/gcc/arm-none-eabi/13.3.1/../../../../arm-none-eabi/lib/thumb/v6-m/nofp/libm.a(libm_a-s_fabs.o)
                0x0800707c                fabs
 *(.glue_7)
 .glue_7        0x08007084        0x0 linker stubs
 *(.glue_7t)
 .glue_7t       0x08007084        0x0 linker stubs
 *(.eh_frame)
 .eh_frame      0x08007084        0x0 /opt/st/stm32cubeide_1.19.0/plugins/com.st.stm32cube.ide.mcu.externaltools.gnu-tools-for-stm32.13.3.rel1.linux64_1.0.0.202410170706/tools/bin/../lib/gcc/arm-none-eabi/13.3.1/thumb/v6-m/nofp/crtbegin.o
 *(.init)
 .init          0x08007084        0x4 /opt/st/stm32cubeide_1.19.0/plugins/com.st.stm32cube.ide.mcu.externaltools.gnu-tools-for-stm32.13.3.rel1.linux64_1.0.0.202410170706/tools/bin/../lib/gcc/arm-none-eabi/13.3.1/thumb/v6-m/nofp/crti.o
                0x08007084                _init
 .init          0x08007088        0x8 /opt/st/stm32cubeide_1.19.0/plugins/com.st.stm32cube.ide.mcu.externaltools.gnu-tools-for-stm32.13.3.rel1.linux64_1.0.0.202410170706/tools/bin/../lib/gcc/arm-none-eabi/13.3.1/thumb/v6-m/nofp/crtn.o
 *(.fini)
 .fini          0x08007090        0x4 /opt/st/stm32cubeide_1.19.0/plugins/com.st.stm32cube.ide.mcu.externaltools.gnu-tools-for-stm32.13.3.rel1.linux64_1.0.0.202410170706/tools/bin/../lib/gcc/arm-none-eabi/13.3.1/thumb/v6-m/nofp/crti.o
                0x08007090                _fini
 .fini          0x08007094        0x8 /opt/st/stm32cubeide_1.19.0/plugins/com.st.stm32cube.ide.mcu.externaltools.gnu-tools-for-stm32.13.3.rel1.linux64_1.0.0.202410170706/tools/bin/../lib/gcc/arm-none-eabi/13.3.1/thumb/v6-m/nofp/crtn.o
                0x0800709c                        . = ALIGN (0x4)
                0x0800709c                        _etext = .

.vfp11_veneer   0x0800709c        0x0
 .vfp11_veneer  0x0800709c        0x0 linker stubs

.v4_bx          0x0800709c        0x0
 .v4_bx         0x0800709c        0x0 linker stubs

.iplt           0x0800709c        0x0
 .iplt          0x0800709c        0x0 /opt/st/stm32cubeide_1.19.0/plugins/com.st.stm32cube.ide.mcu.externaltools.gnu-tools-for-stm32.13.3.rel1.linux64_1.0.0.202410170706/tools/bin/../lib/gcc/arm-none-eabi/13.3.1/thumb/v6-m/nofp/crtbegin.o

.rodata         0x080070a0      0x1b0
                0x080070a0                        . = ALIGN (0x4)
 *(.rodata)
 .rodata        0x080070a0       0x44 ./Core/Src/main.o
 .rodata        0x080070e4       0x40 /opt/st/stm32cubeide_1.19.0/plugins/com.st.stm32cube.ide.mcu.externaltools.gnu-tools-for-stm32.13.3.rel1.linux64_1.0.0.202410170706/tools/bin/../lib/gcc/arm-none-eabi/13.3.1/thumb/v6-m/nofp/libgcc.a(divdf3.o)
 *(.rodata*)
 .rodata.AHBPrescTable
                0x08007124       0x40 ./Core/Src/system_stm32g0xx.o
                0x08007124                AHBPrescTable
 .rodata.APBPrescTable
                0x08007164       0x20 ./Core/Src/system_stm32g0xx.o
                0x08007164                APBPrescTable
 .rodata.UARTPrescTable
                0x08007184       0x18 ./Drivers/STM32G0xx_HAL_Driver/Src/stm32g0xx_hal_uart.o
                0x08007184                UARTPrescTable
 .rodata.numerator.1
                0x0800719c        0x8 ./Drivers/STM32G0xx_HAL_Driver/Src/stm32g0xx_hal_uart_ex.o
 .rodata.denominator.0
                0x080071a4        0x8 ./Drivers/STM32G0xx_HAL_Driver/Src/stm32g0xx_hal_uart_ex.o
 .rodata._svfprintf_r.str1.1
                0x080071ac       0x33 /opt/st/stm32cubeide_1.19.0/plugins/com.st.stm32cube.ide.mcu.externaltools.gnu-tools-for-stm32.13.3.rel1.linux64_1.0.0.202410170706/tools/bin/../lib/gcc/arm-none-eabi/13.3.1/../../../../arm-none-eabi/lib/thumb/v6-m/nofp/libc_nano.a(libc_a-nano-svfprintf.o)
                                 0x11 (size before relaxing)
 .rodata._printf_i.str1.1
                0x080071df       0x22 /opt/st/stm32cubeide_1.19.0/plugins/com.st.stm32cube.ide.mcu.externaltools.gnu-tools-for-stm32.13.3.rel1.linux64_1.0.0.202410170706/tools/bin/../lib/gcc/arm-none-eabi/13.3.1/../../../../arm-none-eabi/lib/thumb/v6-m/nofp/libc_nano.a(libc_a-nano-vfprintf_i.o)
 *fill*         0x080071df        0x1 
 .rodata.CSWTCH.9
                0x080071e0       0x18 /opt/st/stm32cubeide_1.19.0/plugins/com.st.stm32cube.ide.mcu.externaltools.gnu-tools-for-stm32.13.3.rel1.linux64_1.0.0.202410170706/tools/bin/../lib/gcc/arm-none-eabi/13.3.1/../../../../arm-none-eabi/lib/thumb/v6-m/nofp/libm.a(libm_a-e_atan2.o)
 .rodata.CSWTCH.8
                0x080071f8       0x18 /opt/st/stm32cubeide_1.19.0/plugins/com.st.stm32cube.ide.mcu.externaltools.gnu-tools-for-stm32.13.3.rel1.linux64_1.0.0.202410170706/tools/bin/../lib/gcc/arm-none-eabi/13.3.1/../../../../arm-none-eabi/lib/thumb/v6-m/nofp/libm.a(libm_a-e_atan2.o)
 .rodata.atanlo
                0x08007210       0x20 /opt/st/stm32cubeide_1.19.0/plugins/com.st.stm32cube.ide.mcu.externaltools.gnu-tools-for-stm32.13.3.rel1.linux64_1.0.0.202410170706/tools/bin/../lib/gcc/arm-none-eabi/13.3.1/../../../../arm-none-eabi/lib/thumb/v6-m/nofp/libm.a(libm_a-s_atan.o)
 .rodata.atanhi
                0x08007230       0x20 /opt/st/stm32cubeide_1.19.0/plugins/com.st.stm32cube.ide.mcu.externaltools.gnu-tools-for-stm32.13.3.rel1.linux64_1.0.0.202410170706/tools/bin/../lib/gcc/arm-none-eabi/13.3.1/../../../../arm-none-eabi/lib/thumb/v6-m/nofp/libm.a(libm_a-s_atan.o)
                0x08007250                        . = ALIGN (0x4)

.ARM.extab      0x08007250        0x0
                0x08007250                        . = ALIGN (0x4)
 *(.ARM.extab* .gnu.linkonce.armextab.*)
                0x08007250                        . = ALIGN (0x4)

.ARM            0x08007250        0x8
                0x08007250                        . = ALIGN (0x4)
                0x08007250                        __exidx_start = .
 *(.ARM.exidx*)
 .ARM.exidx     0x08007250        0x8 /opt/st/stm32cubeide_1.19.0/plugins/com.st.stm32cube.ide.mcu.externaltools.gnu-tools-for-stm32.13.3.rel1.linux64_1.0.0.202410170706/tools/bin/../lib/gcc/arm-none-eabi/13.3.1/thumb/v6-m/nofp/libgcc.a(_udivmoddi4.o)
                0x08007258                        __exidx_end = .
                0x08007258                        . = ALIGN (0x4)

.preinit_array  0x08007258        0x0
                0x08007258                        . = ALIGN (0x4)
                0x08007258                        PROVIDE (__preinit_array_start = .)
 *(.preinit_array*)
                0x08007258                        PROVIDE (__preinit_array_end = .)
                0x08007258                        . = ALIGN (0x4)

.init_array     0x08007258        0x4
                0x08007258                        . = ALIGN (0x4)
                0x08007258                        PROVIDE (__init_array_start = .)
 *(SORT_BY_NAME(.init_array.*))
 *(.init_array*)
 .init_array    0x08007258        0x4 /opt/st/stm32cubeide_1.19.0/plugins/com.st.stm32cube.ide.mcu.externaltools.gnu-tools-for-stm32.13.3.rel1.linux64_1.0.0.202410170706/tools/bin/../lib/gcc/arm-none-eabi/13.3.1/thumb/v6-m/nofp/crtbegin.o
                0x0800725c                        PROVIDE (__init_array_end = .)
                0x0800725c                        . = ALIGN (0x4)

.fini_array     0x0800725c        0x4
                0x0800725c                        . = ALIGN (0x4)
                [!provide]                        PROVIDE (__fini_array_start = .)
 *(SORT_BY_NAME(.fini_array.*))
 *(.fini_array*)
 .fini_array    0x0800725c        0x4 /opt/st/stm32cubeide_1.19.0/plugins/com.st.stm32cube.ide.mcu.externaltools.gnu-tools-for-stm32.13.3.rel1.linux64_1.0.0.202410170706/tools/bin/../lib/gcc/arm-none-eabi/13.3.1/thumb/v6-m/nofp/crtbegin.o
                [!provide]                        PROVIDE (__fini_array_end = .)
                0x08007260                        . = ALIGN (0x4)
                0x08007260                        _sidata = LOADADDR (.data)

.rel.dyn        0x08007260        0x0
 .rel.iplt      0x08007260        0x0 /opt/st/stm32cubeide_1.19.0/plugins/com.st.stm32cube.ide.mcu.externaltools.gnu-tools-for-stm32.13.3.rel1.linux64_1.0.0.202410170706/tools/bin/../lib/gcc/arm-none-eabi/13.3.1/thumb/v6-m/nofp/crtbegin.o

.data           0x20000000       0x5c load address 0x08007260
                0x20000000                        . = ALIGN (0x4)
                0x20000000                        _sdata = .
 *(.data)
 *(.data*)
 .data.SystemCoreClock
                0x20000000        0x4 ./Core/Src/system_stm32g0xx.o
                0x20000000                SystemCoreClock
 .data.uwTickPrio
                0x20000004        0x4 ./Drivers/STM32G0xx_HAL_Driver/Src/stm32g0xx_hal.o
                0x20000004                uwTickPrio
 .data.uwTickFreq
                0x20000008        0x1 ./Drivers/STM32G0xx_HAL_Driver/Src/stm32g0xx_hal.o
                0x20000008                uwTickFreq
 *fill*         0x20000009        0x3 
 .data._impure_ptr
                0x2000000c        0x4 /opt/st/stm32cubeide_1.19.0/plugins/com.st.stm32cube.ide.mcu.externaltools.gnu-tools-for-stm32.13.3.rel1.linux64_1.0.0.202410170706/tools/bin/../lib/gcc/arm-none-eabi/13.3.1/../../../../arm-none-eabi/lib/thumb/v6-m/nofp/libc_nano.a(libc_a-impure.o)
                0x2000000c                _impure_ptr
 .data._impure_data
                0x20000010       0x4c /opt/st/stm32cubeide_1.19.0/plugins/com.st.stm32cube.ide.mcu.externaltools.gnu-tools-for-stm32.13.3.rel1.linux64_1.0.0.202410170706/tools/bin/../lib/gcc/arm-none-eabi/13.3.1/../../../../arm-none-eabi/lib/thumb/v6-m/nofp/libc_nano.a(libc_a-impure.o)
                0x20000010                _impure_data
 *(.RamFunc)
 *(.RamFunc*)
                0x2000005c                        . = ALIGN (0x4)
                0x2000005c                        _edata = .

.igot.plt       0x2000005c        0x0 load address 0x080072bc
 .igot.plt      0x2000005c        0x0 /opt/st/stm32cubeide_1.19.0/plugins/com.st.stm32cube.ide.mcu.externaltools.gnu-tools-for-stm32.13.3.rel1.linux64_1.0.0.202410170706/tools/bin/../lib/gcc/arm-none-eabi/13.3.1/thumb/v6-m/nofp/crtbegin.o
                0x2000005c                        . = ALIGN (0x4)

.bss            0x2000005c      0x388 load address 0x080072bc
                0x2000005c                        _sbss = .
                0x2000005c                        __bss_start__ = _sbss
 *(.bss)
 .bss           0x2000005c       0x1c /opt/st/stm32cubeide_1.19.0/plugins/com.st.stm32cube.ide.mcu.externaltools.gnu-tools-for-stm32.13.3.rel1.linux64_1.0.0.202410170706/tools/bin/../lib/gcc/arm-none-eabi/13.3.1/thumb/v6-m/nofp/crtbegin.o
 *(.bss*)
 .bss.buffer    0x20000078        0xe ./Core/Src/main.o
                0x20000078                buffer
 *fill*         0x20000086        0x2 
 .bss.uart_buf  0x20000088       0x64 ./Core/Src/main.o
                0x20000088                uart_buf
 .bss.AccX      0x200000ec        0x2 ./Core/Src/main.o
                0x200000ec                AccX
 .bss.AccY      0x200000ee        0x2 ./Core/Src/main.o
                0x200000ee                AccY
 .bss.AccZ      0x200000f0        0x2 ./Core/Src/main.o
                0x200000f0                AccZ
 .bss.GyroX     0x200000f2        0x2 ./Core/Src/main.o
                0x200000f2                GyroX
 .bss.GyroY     0x200000f4        0x2 ./Core/Src/main.o
                0x200000f4                GyroY
 .bss.GyroZ     0x200000f6        0x2 ./Core/Src/main.o
                0x200000f6                GyroZ
 .bss.Ax        0x200000f8        0x4 ./Core/Src/main.o
                0x200000f8                Ax
 .bss.Ay        0x200000fc        0x4 ./Core/Src/main.o
                0x200000fc                Ay
 .bss.Az        0x20000100        0x4 ./Core/Src/main.o
                0x20000100                Az
 .bss.Gx        0x20000104        0x4 ./Core/Src/main.o
                0x20000104                Gx
 .bss.Gy        0x20000108        0x4 ./Core/Src/main.o
                0x20000108                Gy
 .bss.Gz        0x2000010c        0x4 ./Core/Src/main.o
                0x2000010c                Gz
 .bss.angleX    0x20000110        0x4 ./Core/Src/main.o
                0x20000110                angleX
 .bss.angleY    0x20000114        0x4 ./Core/Src/main.o
                0x20000114                angleY
 .bss.hi2c2     0x20000118       0x54 ./Core/Src/main.o
                0x20000118                hi2c2
 .bss.huart1    0x2000016c       0x94 ./Core/Src/main.o
                0x2000016c                huart1
 .bss.huart2    0x20000200       0x94 ./Core/Src/main.o
                0x20000200                huart2
 .bss.__sbrk_heap_end
                0x20000294        0x4 ./Core/Src/sysmem.o
 .bss.uwTick    0x20000298        0x4 ./Drivers/STM32G0xx_HAL_Driver/Src/stm32g0xx_hal.o
                0x20000298                uwTick
 .bss.__sf      0x2000029c      0x138 /opt/st/stm32cubeide_1.19.0/plugins/com.st.stm32cube.ide.mcu.externaltools.gnu-tools-for-stm32.13.3.rel1.linux64_1.0.0.202410170706/tools/bin/../lib/gcc/arm-none-eabi/13.3.1/../../../../arm-none-eabi/lib/thumb/v6-m/nofp/libc_nano.a(libc_a-findfp.o)
                0x2000029c                __sf
 .bss.errno     0x200003d4        0x4 /opt/st/stm32cubeide_1.19.0/plugins/com.st.stm32cube.ide.mcu.externaltools.gnu-tools-for-stm32.13.3.rel1.linux64_1.0.0.202410170706/tools/bin/../lib/gcc/arm-none-eabi/13.3.1/../../../../arm-none-eabi/lib/thumb/v6-m/nofp/libc_nano.a(libc_a-reent.o)
                0x200003d4                errno
 .bss.__lock___malloc_recursive_mutex
                0x200003d8        0x1 /opt/st/stm32cubeide_1.19.0/plugins/com.st.stm32cube.ide.mcu.externaltools.gnu-tools-for-stm32.13.3.rel1.linux64_1.0.0.202410170706/tools/bin/../lib/gcc/arm-none-eabi/13.3.1/../../../../arm-none-eabi/lib/thumb/v6-m/nofp/libc_nano.a(libc_a-lock.o)
                0x200003d8                __lock___malloc_recursive_mutex
 *fill*         0x200003d9        0x3 
 .bss.__malloc_sbrk_start
                0x200003dc        0x4 /opt/st/stm32cubeide_1.19.0/plugins/com.st.stm32cube.ide.mcu.externaltools.gnu-tools-for-stm32.13.3.rel1.linux64_1.0.0.202410170706/tools/bin/../lib/gcc/arm-none-eabi/13.3.1/../../../../arm-none-eabi/lib/thumb/v6-m/nofp/libc_nano.a(libc_a-mallocr.o)
                0x200003dc                __malloc_sbrk_start
 .bss.__malloc_free_list
                0x200003e0        0x4 /opt/st/stm32cubeide_1.19.0/plugins/com.st.stm32cube.ide.mcu.externaltools.gnu-tools-for-stm32.13.3.rel1.linux64_1.0.0.202410170706/tools/bin/../lib/gcc/arm-none-eabi/13.3.1/../../../../arm-none-eabi/lib/thumb/v6-m/nofp/libc_nano.a(libc_a-mallocr.o)
                0x200003e0                __malloc_free_list
 *(COMMON)
                0x200003e4                        . = ALIGN (0x4)
                0x200003e4                        _ebss = .
                0x200003e4                        __bss_end__ = _ebss

._user_heap_stack
                0x200003e4      0x604 load address 0x080072bc
                0x200003e8                        . = ALIGN (0x8)
 *fill*         0x200003e4        0x4 
                [!provide]                        PROVIDE (end = .)
                0x200003e8                        PROVIDE (_end = .)
                0x200005e8                        . = (. + _Min_Heap_Size)
 *fill*         0x200003e8      0x200 
                0x200009e8                        . = (. + _Min_Stack_Size)
 *fill*         0x200005e8      0x400 
                0x200009e8                        . = ALIGN (0x8)

/DISCARD/
 libc.a(*)
 libm.a(*)
 libgcc.a(*)

.ARM.attributes
                0x00000000       0x28
 *(.ARM.attributes)
 .ARM.attributes
                0x00000000       0x1e /opt/st/stm32cubeide_1.19.0/plugins/com.st.stm32cube.ide.mcu.externaltools.gnu-tools-for-stm32.13.3.rel1.linux64_1.0.0.202410170706/tools/bin/../lib/gcc/arm-none-eabi/13.3.1/thumb/v6-m/nofp/crti.o
 .ARM.attributes
                0x0000001e       0x2c /opt/st/stm32cubeide_1.19.0/plugins/com.st.stm32cube.ide.mcu.externaltools.gnu-tools-for-stm32.13.3.rel1.linux64_1.0.0.202410170706/tools/bin/../lib/gcc/arm-none-eabi/13.3.1/thumb/v6-m/nofp/crtbegin.o
 .ARM.attributes
                0x0000004a       0x2c ./Core/Src/main.o
 .ARM.attributes
                0x00000076       0x2c ./Core/Src/stm32g0xx_hal_msp.o
 .ARM.attributes
                0x000000a2       0x2c ./Core/Src/stm32g0xx_it.o
 .ARM.attributes
                0x000000ce       0x2c ./Core/Src/sysmem.o
 .ARM.attributes
                0x000000fa       0x2c ./Core/Src/system_stm32g0xx.o
 .ARM.attributes
                0x00000126       0x22 ./Core/Startup/startup_stm32g071rbtx.o
 .ARM.attributes
                0x00000148       0x2c ./Drivers/STM32G0xx_HAL_Driver/Src/stm32g0xx_hal.o
 .ARM.attributes
                0x00000174       0x2c ./Drivers/STM32G0xx_HAL_Driver/Src/stm32g0xx_hal_cortex.o
 .ARM.attributes
                0x000001a0       0x2c ./Drivers/STM32G0xx_HAL_Driver/Src/stm32g0xx_hal_gpio.o
 .ARM.attributes
                0x000001cc       0x2c ./Drivers/STM32G0xx_HAL_Driver/Src/stm32g0xx_hal_i2c.o
 .ARM.attributes
                0x000001f8       0x2c ./Drivers/STM32G0xx_HAL_Driver/Src/stm32g0xx_hal_i2c_ex.o
 .ARM.attributes
                0x00000224       0x2c ./Drivers/STM32G0xx_HAL_Driver/Src/stm32g0xx_hal_pwr_ex.o
 .ARM.attributes
                0x00000250       0x2c ./Drivers/STM32G0xx_HAL_Driver/Src/stm32g0xx_hal_rcc.o
 .ARM.attributes
                0x0000027c       0x2c ./Drivers/STM32G0xx_HAL_Driver/Src/stm32g0xx_hal_rcc_ex.o
 .ARM.attributes
                0x000002a8       0x2c ./Drivers/STM32G0xx_HAL_Driver/Src/stm32g0xx_hal_uart.o
 .ARM.attributes
                0x000002d4       0x2c ./Drivers/STM32G0xx_HAL_Driver/Src/stm32g0xx_hal_uart_ex.o
 .ARM.attributes
                0x00000300       0x2c /opt/st/stm32cubeide_1.19.0/plugins/com.st.stm32cube.ide.mcu.externaltools.gnu-tools-for-stm32.13.3.rel1.linux64_1.0.0.202410170706/tools/bin/../lib/gcc/arm-none-eabi/13.3.1/../../../../arm-none-eabi/lib/thumb/v6-m/nofp/libc_nano.a(libc_a-findfp.o)
 .ARM.attributes
                0x0000032c       0x2c /opt/st/stm32cubeide_1.19.0/plugins/com.st.stm32cube.ide.mcu.externaltools.gnu-tools-for-stm32.13.3.rel1.linux64_1.0.0.202410170706/tools/bin/../lib/gcc/arm-none-eabi/13.3.1/../../../../arm-none-eabi/lib/thumb/v6-m/nofp/libc_nano.a(libc_a-sprintf.o)
 .ARM.attributes
                0x00000358       0x2c /opt/st/stm32cubeide_1.19.0/plugins/com.st.stm32cube.ide.mcu.externaltools.gnu-tools-for-stm32.13.3.rel1.linux64_1.0.0.202410170706/tools/bin/../lib/gcc/arm-none-eabi/13.3.1/../../../../arm-none-eabi/lib/thumb/v6-m/nofp/libc_nano.a(libc_a-memset.o)
 .ARM.attributes
                0x00000384       0x2c /opt/st/stm32cubeide_1.19.0/plugins/com.st.stm32cube.ide.mcu.externaltools.gnu-tools-for-stm32.13.3.rel1.linux64_1.0.0.202410170706/tools/bin/../lib/gcc/arm-none-eabi/13.3.1/../../../../arm-none-eabi/lib/thumb/v6-m/nofp/libc_nano.a(libc_a-reent.o)
 .ARM.attributes
                0x000003b0       0x2c /opt/st/stm32cubeide_1.19.0/plugins/com.st.stm32cube.ide.mcu.externaltools.gnu-tools-for-stm32.13.3.rel1.linux64_1.0.0.202410170706/tools/bin/../lib/gcc/arm-none-eabi/13.3.1/../../../../arm-none-eabi/lib/thumb/v6-m/nofp/libc_nano.a(libc_a-impure.o)
 .ARM.attributes
                0x000003dc       0x2c /opt/st/stm32cubeide_1.19.0/plugins/com.st.stm32cube.ide.mcu.externaltools.gnu-tools-for-stm32.13.3.rel1.linux64_1.0.0.202410170706/tools/bin/../lib/gcc/arm-none-eabi/13.3.1/../../../../arm-none-eabi/lib/thumb/v6-m/nofp/libc_nano.a(libc_a-errno.o)
 .ARM.attributes
                0x00000408       0x2c /opt/st/stm32cubeide_1.19.0/plugins/com.st.stm32cube.ide.mcu.externaltools.gnu-tools-for-stm32.13.3.rel1.linux64_1.0.0.202410170706/tools/bin/../lib/gcc/arm-none-eabi/13.3.1/../../../../arm-none-eabi/lib/thumb/v6-m/nofp/libc_nano.a(libc_a-init.o)
 .ARM.attributes
                0x00000434       0x2c /opt/st/stm32cubeide_1.19.0/plugins/com.st.stm32cube.ide.mcu.externaltools.gnu-tools-for-stm32.13.3.rel1.linux64_1.0.0.202410170706/tools/bin/../lib/gcc/arm-none-eabi/13.3.1/../../../../arm-none-eabi/lib/thumb/v6-m/nofp/libc_nano.a(libc_a-lock.o)
 .ARM.attributes
                0x00000460       0x1c /opt/st/stm32cubeide_1.19.0/plugins/com.st.stm32cube.ide.mcu.externaltools.gnu-tools-for-stm32.13.3.rel1.linux64_1.0.0.202410170706/tools/bin/../lib/gcc/arm-none-eabi/13.3.1/../../../../arm-none-eabi/lib/thumb/v6-m/nofp/libc_nano.a(libc_a-strlen.o)
 .ARM.attributes
                0x0000047c       0x2c /opt/st/stm32cubeide_1.19.0/plugins/com.st.stm32cube.ide.mcu.externaltools.gnu-tools-for-stm32.13.3.rel1.linux64_1.0.0.202410170706/tools/bin/../lib/gcc/arm-none-eabi/13.3.1/../../../../arm-none-eabi/lib/thumb/v6-m/nofp/libc_nano.a(libc_a-freer.o)
 .ARM.attributes
                0x000004a8       0x2c /opt/st/stm32cubeide_1.19.0/plugins/com.st.stm32cube.ide.mcu.externaltools.gnu-tools-for-stm32.13.3.rel1.linux64_1.0.0.202410170706/tools/bin/../lib/gcc/arm-none-eabi/13.3.1/../../../../arm-none-eabi/lib/thumb/v6-m/nofp/libc_nano.a(libc_a-mallocr.o)
 .ARM.attributes
                0x000004d4       0x2c /opt/st/stm32cubeide_1.19.0/plugins/com.st.stm32cube.ide.mcu.externaltools.gnu-tools-for-stm32.13.3.rel1.linux64_1.0.0.202410170706/tools/bin/../lib/gcc/arm-none-eabi/13.3.1/../../../../arm-none-eabi/lib/thumb/v6-m/nofp/libc_nano.a(libc_a-mlock.o)
 .ARM.attributes
                0x00000500       0x2c /opt/st/stm32cubeide_1.19.0/plugins/com.st.stm32cube.ide.mcu.externaltools.gnu-tools-for-stm32.13.3.rel1.linux64_1.0.0.202410170706/tools/bin/../lib/gcc/arm-none-eabi/13.3.1/../../../../arm-none-eabi/lib/thumb/v6-m/nofp/libc_nano.a(libc_a-nano-svfprintf.o)
 .ARM.attributes
                0x0000052c       0x2c /opt/st/stm32cubeide_1.19.0/plugins/com.st.stm32cube.ide.mcu.externaltools.gnu-tools-for-stm32.13.3.rel1.linux64_1.0.0.202410170706/tools/bin/../lib/gcc/arm-none-eabi/13.3.1/../../../../arm-none-eabi/lib/thumb/v6-m/nofp/libc_nano.a(libc_a-nano-vfprintf_i.o)
 .ARM.attributes
                0x00000558       0x2c /opt/st/stm32cubeide_1.19.0/plugins/com.st.stm32cube.ide.mcu.externaltools.gnu-tools-for-stm32.13.3.rel1.linux64_1.0.0.202410170706/tools/bin/../lib/gcc/arm-none-eabi/13.3.1/../../../../arm-none-eabi/lib/thumb/v6-m/nofp/libc_nano.a(libc_a-memmove.o)
 .ARM.attributes
                0x00000584       0x2c /opt/st/stm32cubeide_1.19.0/plugins/com.st.stm32cube.ide.mcu.externaltools.gnu-tools-for-stm32.13.3.rel1.linux64_1.0.0.202410170706/tools/bin/../lib/gcc/arm-none-eabi/13.3.1/../../../../arm-none-eabi/lib/thumb/v6-m/nofp/libc_nano.a(libc_a-sbrkr.o)
 .ARM.attributes
                0x000005b0       0x2c /opt/st/stm32cubeide_1.19.0/plugins/com.st.stm32cube.ide.mcu.externaltools.gnu-tools-for-stm32.13.3.rel1.linux64_1.0.0.202410170706/tools/bin/../lib/gcc/arm-none-eabi/13.3.1/../../../../arm-none-eabi/lib/thumb/v6-m/nofp/libc_nano.a(libc_a-memchr-stub.o)
 .ARM.attributes
                0x000005dc       0x2c /opt/st/stm32cubeide_1.19.0/plugins/com.st.stm32cube.ide.mcu.externaltools.gnu-tools-for-stm32.13.3.rel1.linux64_1.0.0.202410170706/tools/bin/../lib/gcc/arm-none-eabi/13.3.1/../../../../arm-none-eabi/lib/thumb/v6-m/nofp/libc_nano.a(libc_a-memcpy-stub.o)
 .ARM.attributes
                0x00000608       0x2c /opt/st/stm32cubeide_1.19.0/plugins/com.st.stm32cube.ide.mcu.externaltools.gnu-tools-for-stm32.13.3.rel1.linux64_1.0.0.202410170706/tools/bin/../lib/gcc/arm-none-eabi/13.3.1/../../../../arm-none-eabi/lib/thumb/v6-m/nofp/libc_nano.a(libc_a-reallocr.o)
 .ARM.attributes
                0x00000634       0x2c /opt/st/stm32cubeide_1.19.0/plugins/com.st.stm32cube.ide.mcu.externaltools.gnu-tools-for-stm32.13.3.rel1.linux64_1.0.0.202410170706/tools/bin/../lib/gcc/arm-none-eabi/13.3.1/../../../../arm-none-eabi/lib/thumb/v6-m/nofp/libc_nano.a(libc_a-msizer.o)
 .ARM.attributes
                0x00000660       0x2c /opt/st/stm32cubeide_1.19.0/plugins/com.st.stm32cube.ide.mcu.externaltools.gnu-tools-for-stm32.13.3.rel1.linux64_1.0.0.202410170706/tools/bin/../lib/gcc/arm-none-eabi/13.3.1/../../../../arm-none-eabi/lib/thumb/v6-m/nofp/libm.a(libm_a-w_atan2.o)
 .ARM.attributes
                0x0000068c       0x2c /opt/st/stm32cubeide_1.19.0/plugins/com.st.stm32cube.ide.mcu.externaltools.gnu-tools-for-stm32.13.3.rel1.linux64_1.0.0.202410170706/tools/bin/../lib/gcc/arm-none-eabi/13.3.1/../../../../arm-none-eabi/lib/thumb/v6-m/nofp/libm.a(libm_a-e_atan2.o)
 .ARM.attributes
                0x000006b8       0x2c /opt/st/stm32cubeide_1.19.0/plugins/com.st.stm32cube.ide.mcu.externaltools.gnu-tools-for-stm32.13.3.rel1.linux64_1.0.0.202410170706/tools/bin/../lib/gcc/arm-none-eabi/13.3.1/../../../../arm-none-eabi/lib/thumb/v6-m/nofp/libm.a(libm_a-s_atan.o)
 .ARM.attributes
                0x000006e4       0x2c /opt/st/stm32cubeide_1.19.0/plugins/com.st.stm32cube.ide.mcu.externaltools.gnu-tools-for-stm32.13.3.rel1.linux64_1.0.0.202410170706/tools/bin/../lib/gcc/arm-none-eabi/13.3.1/../../../../arm-none-eabi/lib/thumb/v6-m/nofp/libm.a(libm_a-s_fabs.o)
 .ARM.attributes
                0x00000710       0x1e /opt/st/stm32cubeide_1.19.0/plugins/com.st.stm32cube.ide.mcu.externaltools.gnu-tools-for-stm32.13.3.rel1.linux64_1.0.0.202410170706/tools/bin/../lib/gcc/arm-none-eabi/13.3.1/thumb/v6-m/nofp/libgcc.a(_thumb1_case_shi.o)
 .ARM.attributes
                0x0000072e       0x1e /opt/st/stm32cubeide_1.19.0/plugins/com.st.stm32cube.ide.mcu.externaltools.gnu-tools-for-stm32.13.3.rel1.linux64_1.0.0.202410170706/tools/bin/../lib/gcc/arm-none-eabi/13.3.1/thumb/v6-m/nofp/libgcc.a(_udivsi3.o)
 .ARM.attributes
                0x0000074c       0x1e /opt/st/stm32cubeide_1.19.0/plugins/com.st.stm32cube.ide.mcu.externaltools.gnu-tools-for-stm32.13.3.rel1.linux64_1.0.0.202410170706/tools/bin/../lib/gcc/arm-none-eabi/13.3.1/thumb/v6-m/nofp/libgcc.a(_divsi3.o)
 .ARM.attributes
                0x0000076a       0x1e /opt/st/stm32cubeide_1.19.0/plugins/com.st.stm32cube.ide.mcu.externaltools.gnu-tools-for-stm32.13.3.rel1.linux64_1.0.0.202410170706/tools/bin/../lib/gcc/arm-none-eabi/13.3.1/thumb/v6-m/nofp/libgcc.a(_dvmd_tls.o)
 .ARM.attributes
                0x00000788       0x1e /opt/st/stm32cubeide_1.19.0/plugins/com.st.stm32cube.ide.mcu.externaltools.gnu-tools-for-stm32.13.3.rel1.linux64_1.0.0.202410170706/tools/bin/../lib/gcc/arm-none-eabi/13.3.1/thumb/v6-m/nofp/libgcc.a(_arm_cmpdf2.o)
 .ARM.attributes
                0x000007a6       0x1e /opt/st/stm32cubeide_1.19.0/plugins/com.st.stm32cube.ide.mcu.externaltools.gnu-tools-for-stm32.13.3.rel1.linux64_1.0.0.202410170706/tools/bin/../lib/gcc/arm-none-eabi/13.3.1/thumb/v6-m/nofp/libgcc.a(_aeabi_uldivmod.o)
 .ARM.attributes
                0x000007c4       0x2c /opt/st/stm32cubeide_1.19.0/plugins/com.st.stm32cube.ide.mcu.externaltools.gnu-tools-for-stm32.13.3.rel1.linux64_1.0.0.202410170706/tools/bin/../lib/gcc/arm-none-eabi/13.3.1/thumb/v6-m/nofp/libgcc.a(_udivmoddi4.o)
 .ARM.attributes
                0x000007f0       0x2c /opt/st/stm32cubeide_1.19.0/plugins/com.st.stm32cube.ide.mcu.externaltools.gnu-tools-for-stm32.13.3.rel1.linux64_1.0.0.202410170706/tools/bin/../lib/gcc/arm-none-eabi/13.3.1/thumb/v6-m/nofp/libgcc.a(mulsf3.o)
 .ARM.attributes
                0x0000081c       0x2c /opt/st/stm32cubeide_1.19.0/plugins/com.st.stm32cube.ide.mcu.externaltools.gnu-tools-for-stm32.13.3.rel1.linux64_1.0.0.202410170706/tools/bin/../lib/gcc/arm-none-eabi/13.3.1/thumb/v6-m/nofp/libgcc.a(fixsfsi.o)
 .ARM.attributes
                0x00000848       0x2c /opt/st/stm32cubeide_1.19.0/plugins/com.st.stm32cube.ide.mcu.externaltools.gnu-tools-for-stm32.13.3.rel1.linux64_1.0.0.202410170706/tools/bin/../lib/gcc/arm-none-eabi/13.3.1/thumb/v6-m/nofp/libgcc.a(adddf3.o)
 .ARM.attributes
                0x00000874       0x2c /opt/st/stm32cubeide_1.19.0/plugins/com.st.stm32cube.ide.mcu.externaltools.gnu-tools-for-stm32.13.3.rel1.linux64_1.0.0.202410170706/tools/bin/../lib/gcc/arm-none-eabi/13.3.1/thumb/v6-m/nofp/libgcc.a(divdf3.o)
 .ARM.attributes
                0x000008a0       0x2c /opt/st/stm32cubeide_1.19.0/plugins/com.st.stm32cube.ide.mcu.externaltools.gnu-tools-for-stm32.13.3.rel1.linux64_1.0.0.202410170706/tools/bin/../lib/gcc/arm-none-eabi/13.3.1/thumb/v6-m/nofp/libgcc.a(eqdf2.o)
 .ARM.attributes
                0x000008cc       0x2c /opt/st/stm32cubeide_1.19.0/plugins/com.st.stm32cube.ide.mcu.externaltools.gnu-tools-for-stm32.13.3.rel1.linux64_1.0.0.202410170706/tools/bin/../lib/gcc/arm-none-eabi/13.3.1/thumb/v6-m/nofp/libgcc.a(gedf2.o)
 .ARM.attributes
                0x000008f8       0x2c /opt/st/stm32cubeide_1.19.0/plugins/com.st.stm32cube.ide.mcu.externaltools.gnu-tools-for-stm32.13.3.rel1.linux64_1.0.0.202410170706/tools/bin/../lib/gcc/arm-none-eabi/13.3.1/thumb/v6-m/nofp/libgcc.a(ledf2.o)
 .ARM.attributes
                0x00000924       0x2c /opt/st/stm32cubeide_1.19.0/plugins/com.st.stm32cube.ide.mcu.externaltools.gnu-tools-for-stm32.13.3.rel1.linux64_1.0.0.202410170706/tools/bin/../lib/gcc/arm-none-eabi/13.3.1/thumb/v6-m/nofp/libgcc.a(muldf3.o)
 .ARM.attributes
                0x00000950       0x2c /opt/st/stm32cubeide_1.19.0/plugins/com.st.stm32cube.ide.mcu.externaltools.gnu-tools-for-stm32.13.3.rel1.linux64_1.0.0.202410170706/tools/bin/../lib/gcc/arm-none-eabi/13.3.1/thumb/v6-m/nofp/libgcc.a(subdf3.o)
 .ARM.attributes
                0x0000097c       0x2c /opt/st/stm32cubeide_1.19.0/plugins/com.st.stm32cube.ide.mcu.externaltools.gnu-tools-for-stm32.13.3.rel1.linux64_1.0.0.202410170706/tools/bin/../lib/gcc/arm-none-eabi/13.3.1/thumb/v6-m/nofp/libgcc.a(floatsidf.o)
 .ARM.attributes
                0x000009a8       0x2c /opt/st/stm32cubeide_1.19.0/plugins/com.st.stm32cube.ide.mcu.externaltools.gnu-tools-for-stm32.13.3.rel1.linux64_1.0.0.202410170706/tools/bin/../lib/gcc/arm-none-eabi/13.3.1/thumb/v6-m/nofp/libgcc.a(extendsfdf2.o)
 .ARM.attributes
                0x000009d4       0x2c /opt/st/stm32cubeide_1.19.0/plugins/com.st.stm32cube.ide.mcu.externaltools.gnu-tools-for-stm32.13.3.rel1.linux64_1.0.0.202410170706/tools/bin/../lib/gcc/arm-none-eabi/13.3.1/thumb/v6-m/nofp/libgcc.a(truncdfsf2.o)
 .ARM.attributes
                0x00000a00       0x1e /opt/st/stm32cubeide_1.19.0/plugins/com.st.stm32cube.ide.mcu.externaltools.gnu-tools-for-stm32.13.3.rel1.linux64_1.0.0.202410170706/tools/bin/../lib/gcc/arm-none-eabi/13.3.1/thumb/v6-m/nofp/libgcc.a(_clzsi2.o)
 .ARM.attributes
                0x00000a1e       0x1e /opt/st/stm32cubeide_1.19.0/plugins/com.st.stm32cube.ide.mcu.externaltools.gnu-tools-for-stm32.13.3.rel1.linux64_1.0.0.202410170706/tools/bin/../lib/gcc/arm-none-eabi/13.3.1/thumb/v6-m/nofp/libgcc.a(_clzdi2.o)
 .ARM.attributes
                0x00000a3c       0x1e /opt/st/stm32cubeide_1.19.0/plugins/com.st.stm32cube.ide.mcu.externaltools.gnu-tools-for-stm32.13.3.rel1.linux64_1.0.0.202410170706/tools/bin/../lib/gcc/arm-none-eabi/13.3.1/thumb/v6-m/nofp/crtn.o
OUTPUT(test.elf elf32-littlearm)
LOAD linker stubs
LOAD /opt/st/stm32cubeide_1.19.0/plugins/com.st.stm32cube.ide.mcu.externaltools.gnu-tools-for-stm32.13.3.rel1.linux64_1.0.0.202410170706/tools/bin/../lib/gcc/arm-none-eabi/13.3.1/../../../../arm-none-eabi/lib/thumb/v6-m/nofp/libc.a
LOAD /opt/st/stm32cubeide_1.19.0/plugins/com.st.stm32cube.ide.mcu.externaltools.gnu-tools-for-stm32.13.3.rel1.linux64_1.0.0.202410170706/tools/bin/../lib/gcc/arm-none-eabi/13.3.1/../../../../arm-none-eabi/lib/thumb/v6-m/nofp/libm.a
LOAD /opt/st/stm32cubeide_1.19.0/plugins/com.st.stm32cube.ide.mcu.externaltools.gnu-tools-for-stm32.13.3.rel1.linux64_1.0.0.202410170706/tools/bin/../lib/gcc/arm-none-eabi/13.3.1/thumb/v6-m/nofp/libgcc.a

.debug_info     0x00000000     0xdfc6
 .debug_info    0x00000000     0x12bc ./Core/Src/main.o
 .debug_info    0x000012bc      0xfcd ./Core/Src/stm32g0xx_hal_msp.o
 .debug_info    0x00002289      0x117 ./Core/Src/stm32g0xx_it.o
 .debug_info    0x000023a0      0x168 ./Core/Src/sysmem.o
 .debug_info    0x00002508      0x316 ./Core/Src/system_stm32g0xx.o
 .debug_info    0x0000281e       0x30 ./Core/Startup/startup_stm32g071rbtx.o
 .debug_info    0x0000284e      0xa34 ./Drivers/STM32G0xx_HAL_Driver/Src/stm32g0xx_hal.o
 .debug_info    0x00003282      0x8d9 ./Drivers/STM32G0xx_HAL_Driver/Src/stm32g0xx_hal_cortex.o
 .debug_info    0x00003b5b      0x5c8 ./Drivers/STM32G0xx_HAL_Driver/Src/stm32g0xx_hal_gpio.o
 .debug_info    0x00004123     0x21d7 ./Drivers/STM32G0xx_HAL_Driver/Src/stm32g0xx_hal_i2c.o
 .debug_info    0x000062fa      0xa09 ./Drivers/STM32G0xx_HAL_Driver/Src/stm32g0xx_hal_i2c_ex.o
 .debug_info    0x00006d03      0x7c6 ./Drivers/STM32G0xx_HAL_Driver/Src/stm32g0xx_hal_pwr_ex.o
 .debug_info    0x000074c9      0xb34 ./Drivers/STM32G0xx_HAL_Driver/Src/stm32g0xx_hal_rcc.o
 .debug_info    0x00007ffd      0x792 ./Drivers/STM32G0xx_HAL_Driver/Src/stm32g0xx_hal_rcc_ex.o
 .debug_info    0x0000878f     0x488f ./Drivers/STM32G0xx_HAL_Driver/Src/stm32g0xx_hal_uart.o
 .debug_info    0x0000d01e      0xfa8 ./Drivers/STM32G0xx_HAL_Driver/Src/stm32g0xx_hal_uart_ex.o

.debug_abbrev   0x00000000     0x2042
 .debug_abbrev  0x00000000      0x312 ./Core/Src/main.o
 .debug_abbrev  0x00000312      0x1dc ./Core/Src/stm32g0xx_hal_msp.o
 .debug_abbrev  0x000004ee       0xac ./Core/Src/stm32g0xx_it.o
 .debug_abbrev  0x0000059a       0xbc ./Core/Src/sysmem.o
 .debug_abbrev  0x00000656      0x119 ./Core/Src/system_stm32g0xx.o
 .debug_abbrev  0x0000076f       0x24 ./Core/Startup/startup_stm32g071rbtx.o
 .debug_abbrev  0x00000793      0x2b2 ./Drivers/STM32G0xx_HAL_Driver/Src/stm32g0xx_hal.o
 .debug_abbrev  0x00000a45      0x2ab ./Drivers/STM32G0xx_HAL_Driver/Src/stm32g0xx_hal_cortex.o
 .debug_abbrev  0x00000cf0      0x1c8 ./Drivers/STM32G0xx_HAL_Driver/Src/stm32g0xx_hal_gpio.o
 .debug_abbrev  0x00000eb8      0x291 ./Drivers/STM32G0xx_HAL_Driver/Src/stm32g0xx_hal_i2c.o
 .debug_abbrev  0x00001149      0x1e6 ./Drivers/STM32G0xx_HAL_Driver/Src/stm32g0xx_hal_i2c_ex.o
 .debug_abbrev  0x0000132f      0x238 ./Drivers/STM32G0xx_HAL_Driver/Src/stm32g0xx_hal_pwr_ex.o
 .debug_abbrev  0x00001567      0x2aa ./Drivers/STM32G0xx_HAL_Driver/Src/stm32g0xx_hal_rcc.o
 .debug_abbrev  0x00001811      0x22b ./Drivers/STM32G0xx_HAL_Driver/Src/stm32g0xx_hal_rcc_ex.o
 .debug_abbrev  0x00001a3c      0x322 ./Drivers/STM32G0xx_HAL_Driver/Src/stm32g0xx_hal_uart.o
 .debug_abbrev  0x00001d5e      0x2e4 ./Drivers/STM32G0xx_HAL_Driver/Src/stm32g0xx_hal_uart_ex.o

.debug_aranges  0x00000000      0xb70
 .debug_aranges
                0x00000000       0x70 ./Core/Src/main.o
 .debug_aranges
                0x00000070       0x40 ./Core/Src/stm32g0xx_hal_msp.o
 .debug_aranges
                0x000000b0       0x40 ./Core/Src/stm32g0xx_it.o
 .debug_aranges
                0x000000f0       0x20 ./Core/Src/sysmem.o
 .debug_aranges
                0x00000110       0x28 ./Core/Src/system_stm32g0xx.o
 .debug_aranges
                0x00000138       0x28 ./Core/Startup/startup_stm32g071rbtx.o
 .debug_aranges
                0x00000160      0x120 ./Drivers/STM32G0xx_HAL_Driver/Src/stm32g0xx_hal.o
 .debug_aranges
                0x00000280       0xe8 ./Drivers/STM32G0xx_HAL_Driver/Src/stm32g0xx_hal_cortex.o
 .debug_aranges
                0x00000368       0x60 ./Drivers/STM32G0xx_HAL_Driver/Src/stm32g0xx_hal_gpio.o
 .debug_aranges
                0x000003c8      0x2a0 ./Drivers/STM32G0xx_HAL_Driver/Src/stm32g0xx_hal_i2c.o
 .debug_aranges
                0x00000668       0x48 ./Drivers/STM32G0xx_HAL_Driver/Src/stm32g0xx_hal_i2c_ex.o
 .debug_aranges
                0x000006b0       0xf0 ./Drivers/STM32G0xx_HAL_Driver/Src/stm32g0xx_hal_pwr_ex.o
 .debug_aranges
                0x000007a0       0xa0 ./Drivers/STM32G0xx_HAL_Driver/Src/stm32g0xx_hal_rcc.o
 .debug_aranges
                0x00000840       0x40 ./Drivers/STM32G0xx_HAL_Driver/Src/stm32g0xx_hal_rcc_ex.o
 .debug_aranges
                0x00000880      0x248 ./Drivers/STM32G0xx_HAL_Driver/Src/stm32g0xx_hal_uart.o
 .debug_aranges
                0x00000ac8       0xa8 ./Drivers/STM32G0xx_HAL_Driver/Src/stm32g0xx_hal_uart_ex.o

.debug_rnglists
                0x00000000      0x8ed
 .debug_rnglists
                0x00000000       0x57 ./Core/Src/main.o
 .debug_rnglists
                0x00000057       0x2d ./Core/Src/stm32g0xx_hal_msp.o
 .debug_rnglists
                0x00000084       0x2b ./Core/Src/stm32g0xx_it.o
 .debug_rnglists
                0x000000af       0x13 ./Core/Src/sysmem.o
 .debug_rnglists
                0x000000c2       0x1a ./Core/Src/system_stm32g0xx.o
 .debug_rnglists
                0x000000dc       0x19 ./Core/Startup/startup_stm32g071rbtx.o
 .debug_rnglists
                0x000000f5       0xd4 ./Drivers/STM32G0xx_HAL_Driver/Src/stm32g0xx_hal.o
 .debug_rnglists
                0x000001c9       0xaa ./Drivers/STM32G0xx_HAL_Driver/Src/stm32g0xx_hal_cortex.o
 .debug_rnglists
                0x00000273       0x45 ./Drivers/STM32G0xx_HAL_Driver/Src/stm32g0xx_hal_gpio.o
 .debug_rnglists
                0x000002b8      0x229 ./Drivers/STM32G0xx_HAL_Driver/Src/stm32g0xx_hal_i2c.o
 .debug_rnglists
                0x000004e1       0x35 ./Drivers/STM32G0xx_HAL_Driver/Src/stm32g0xx_hal_i2c_ex.o
 .debug_rnglists
                0x00000516       0xb5 ./Drivers/STM32G0xx_HAL_Driver/Src/stm32g0xx_hal_pwr_ex.o
 .debug_rnglists
                0x000005cb       0x79 ./Drivers/STM32G0xx_HAL_Driver/Src/stm32g0xx_hal_rcc.o
 .debug_rnglists
                0x00000644       0x30 ./Drivers/STM32G0xx_HAL_Driver/Src/stm32g0xx_hal_rcc_ex.o
 .debug_rnglists
                0x00000674      0x1f9 ./Drivers/STM32G0xx_HAL_Driver/Src/stm32g0xx_hal_uart.o
 .debug_rnglists
                0x0000086d       0x80 ./Drivers/STM32G0xx_HAL_Driver/Src/stm32g0xx_hal_uart_ex.o

.debug_macro    0x00000000    0x184de
 .debug_macro   0x00000000      0x2fc ./Core/Src/main.o
 .debug_macro   0x000002fc      0xaae ./Core/Src/main.o
 .debug_macro   0x00000daa      0x11d ./Core/Src/main.o
 .debug_macro   0x00000ec7       0x2e ./Core/Src/main.o
 .debug_macro   0x00000ef5       0x28 ./Core/Src/main.o
 .debug_macro   0x00000f1d       0x22 ./Core/Src/main.o
 .debug_macro   0x00000f3f       0x8e ./Core/Src/main.o
 .debug_macro   0x00000fcd       0x51 ./Core/Src/main.o
 .debug_macro   0x0000101e      0x103 ./Core/Src/main.o
 .debug_macro   0x00001121       0x6a ./Core/Src/main.o
 .debug_macro   0x0000118b      0x1df ./Core/Src/main.o
 .debug_macro   0x0000136a       0x1c ./Core/Src/main.o
 .debug_macro   0x00001386       0x22 ./Core/Src/main.o
 .debug_macro   0x000013a8       0xd1 ./Core/Src/main.o
 .debug_macro   0x00001479      0x4da ./Core/Src/main.o
 .debug_macro   0x00001953      0x11f ./Core/Src/main.o
 .debug_macro   0x00001a72     0xc7b5 ./Core/Src/main.o
 .debug_macro   0x0000e227       0x66 ./Core/Src/main.o
 .debug_macro   0x0000e28d     0x3512 ./Core/Src/main.o
 .debug_macro   0x0001179f      0x190 ./Core/Src/main.o
 .debug_macro   0x0001192f       0x5c ./Core/Src/main.o
 .debug_macro   0x0001198b      0x56c ./Core/Src/main.o
 .debug_macro   0x00011ef7     0x1122 ./Core/Src/main.o
 .debug_macro   0x00013019      0x264 ./Core/Src/main.o
 .debug_macro   0x0001327d      0x1cf ./Core/Src/main.o
 .debug_macro   0x0001344c      0x1d8 ./Core/Src/main.o
 .debug_macro   0x00013624      0x426 ./Core/Src/main.o
 .debug_macro   0x00013a4a      0x280 ./Core/Src/main.o
 .debug_macro   0x00013cca      0x3a7 ./Core/Src/main.o
 .debug_macro   0x00014071      0x1b2 ./Core/Src/main.o
 .debug_macro   0x00014223       0x43 ./Core/Src/main.o
 .debug_macro   0x00014266      0x1f1 ./Core/Src/main.o
 .debug_macro   0x00014457      0x1d6 ./Core/Src/main.o
 .debug_macro   0x0001462d      0x38a ./Core/Src/main.o
 .debug_macro   0x000149b7       0x28 ./Core/Src/main.o
 .debug_macro   0x000149df       0xe4 ./Core/Src/main.o
 .debug_macro   0x00014ac3      0x22c ./Core/Src/main.o
 .debug_macro   0x00014cef       0x67 ./Core/Src/main.o
 .debug_macro   0x00014d56       0xa5 ./Core/Src/main.o
 .debug_macro   0x00014dfb      0x125 ./Core/Src/main.o
 .debug_macro   0x00014f20      0x240 ./Core/Src/main.o
 .debug_macro   0x00015160      0x693 ./Core/Src/main.o
 .debug_macro   0x000157f3       0xa6 ./Core/Src/main.o
 .debug_macro   0x00015899      0x4f2 ./Core/Src/main.o
 .debug_macro   0x00015d8b       0x61 ./Core/Src/main.o
 .debug_macro   0x00015dec       0x24 ./Core/Src/main.o
 .debug_macro   0x00015e10       0x43 ./Core/Src/main.o
 .debug_macro   0x00015e53       0x34 ./Core/Src/main.o
 .debug_macro   0x00015e87       0x16 ./Core/Src/main.o
 .debug_macro   0x00015e9d       0x3c ./Core/Src/main.o
 .debug_macro   0x00015ed9      0x370 ./Core/Src/main.o
 .debug_macro   0x00016249       0x10 ./Core/Src/main.o
 .debug_macro   0x00016259       0x16 ./Core/Src/main.o
 .debug_macro   0x0001626f       0x4a ./Core/Src/main.o
 .debug_macro   0x000162b9       0x34 ./Core/Src/main.o
 .debug_macro   0x000162ed       0x10 ./Core/Src/main.o
 .debug_macro   0x000162fd       0x58 ./Core/Src/main.o
 .debug_macro   0x00016355       0x8e ./Core/Src/main.o
 .debug_macro   0x000163e3       0x1c ./Core/Src/main.o
 .debug_macro   0x000163ff      0x185 ./Core/Src/main.o
 .debug_macro   0x00016584       0x16 ./Core/Src/main.o
 .debug_macro   0x0001659a       0x16 ./Core/Src/main.o
 .debug_macro   0x000165b0      0x146 ./Core/Src/main.o
 .debug_macro   0x000166f6       0x16 ./Core/Src/main.o
 .debug_macro   0x0001670c       0x20 ./Core/Src/main.o
 .debug_macro   0x0001672c      0x1ee ./Core/Src/stm32g0xx_hal_msp.o
 .debug_macro   0x0001691a      0x1f8 ./Core/Src/stm32g0xx_it.o
 .debug_macro   0x00016b12      0x112 ./Core/Src/sysmem.o
 .debug_macro   0x00016c24      0x23c ./Core/Src/sysmem.o
 .debug_macro   0x00016e60      0x1e4 ./Core/Src/system_stm32g0xx.o
 .debug_macro   0x00017044      0x208 ./Drivers/STM32G0xx_HAL_Driver/Src/stm32g0xx_hal.o
 .debug_macro   0x0001724c      0x1e4 ./Drivers/STM32G0xx_HAL_Driver/Src/stm32g0xx_hal_cortex.o
 .debug_macro   0x00017430      0x1eb ./Drivers/STM32G0xx_HAL_Driver/Src/stm32g0xx_hal_gpio.o
 .debug_macro   0x0001761b      0x2b0 ./Drivers/STM32G0xx_HAL_Driver/Src/stm32g0xx_hal_i2c.o
 .debug_macro   0x000178cb      0x1e4 ./Drivers/STM32G0xx_HAL_Driver/Src/stm32g0xx_hal_i2c_ex.o
 .debug_macro   0x00017aaf      0x20e ./Drivers/STM32G0xx_HAL_Driver/Src/stm32g0xx_hal_pwr_ex.o
 .debug_macro   0x00017cbd      0x226 ./Drivers/STM32G0xx_HAL_Driver/Src/stm32g0xx_hal_rcc.o
 .debug_macro   0x00017ee3      0x1fc ./Drivers/STM32G0xx_HAL_Driver/Src/stm32g0xx_hal_rcc_ex.o
 .debug_macro   0x000180df      0x20f ./Drivers/STM32G0xx_HAL_Driver/Src/stm32g0xx_hal_uart.o
 .debug_macro   0x000182ee      0x1f0 ./Drivers/STM32G0xx_HAL_Driver/Src/stm32g0xx_hal_uart_ex.o

.debug_line     0x00000000     0xefdf
 .debug_line    0x00000000      0xb70 ./Core/Src/main.o
 .debug_line    0x00000b70      0x7d3 ./Core/Src/stm32g0xx_hal_msp.o
 .debug_line    0x00001343      0x72b ./Core/Src/stm32g0xx_it.o
 .debug_line    0x00001a6e      0x4bd ./Core/Src/sysmem.o
 .debug_line    0x00001f2b      0x741 ./Core/Src/system_stm32g0xx.o
 .debug_line    0x0000266c       0x7b ./Core/Startup/startup_stm32g071rbtx.o
 .debug_line    0x000026e7      0xa87 ./Drivers/STM32G0xx_HAL_Driver/Src/stm32g0xx_hal.o
 .debug_line    0x0000316e      0xb1c ./Drivers/STM32G0xx_HAL_Driver/Src/stm32g0xx_hal_cortex.o
 .debug_line    0x00003c8a      0xad8 ./Drivers/STM32G0xx_HAL_Driver/Src/stm32g0xx_hal_gpio.o
 .debug_line    0x00004762     0x36b3 ./Drivers/STM32G0xx_HAL_Driver/Src/stm32g0xx_hal_i2c.o
 .debug_line    0x00007e15      0x834 ./Drivers/STM32G0xx_HAL_Driver/Src/stm32g0xx_hal_i2c_ex.o
 .debug_line    0x00008649      0xa60 ./Drivers/STM32G0xx_HAL_Driver/Src/stm32g0xx_hal_pwr_ex.o
 .debug_line    0x000090a9      0xf58 ./Drivers/STM32G0xx_HAL_Driver/Src/stm32g0xx_hal_rcc.o
 .debug_line    0x0000a001      0xce2 ./Drivers/STM32G0xx_HAL_Driver/Src/stm32g0xx_hal_rcc_ex.o
 .debug_line    0x0000ace3     0x3662 ./Drivers/STM32G0xx_HAL_Driver/Src/stm32g0xx_hal_uart.o
 .debug_line    0x0000e345      0xc9a ./Drivers/STM32G0xx_HAL_Driver/Src/stm32g0xx_hal_uart_ex.o

.debug_str      0x00000000    0x99a1b
 .debug_str     0x00000000    0x99a1b ./Core/Src/main.o
                              0x967be (size before relaxing)
 .debug_str     0x00099a1b    0x92e5c ./Core/Src/stm32g0xx_hal_msp.o
 .debug_str     0x00099a1b    0x923c8 ./Core/Src/stm32g0xx_it.o
 .debug_str     0x00099a1b     0x7667 ./Core/Src/sysmem.o
 .debug_str     0x00099a1b    0x9249b ./Core/Src/system_stm32g0xx.o
 .debug_str     0x00099a1b       0x6d ./Core/Startup/startup_stm32g071rbtx.o
 .debug_str     0x00099a1b    0x92c9f ./Drivers/STM32G0xx_HAL_Driver/Src/stm32g0xx_hal.o
 .debug_str     0x00099a1b    0x92962 ./Drivers/STM32G0xx_HAL_Driver/Src/stm32g0xx_hal_cortex.o
 .debug_str     0x00099a1b    0x925e4 ./Drivers/STM32G0xx_HAL_Driver/Src/stm32g0xx_hal_gpio.o
 .debug_str     0x00099a1b    0x93867 ./Drivers/STM32G0xx_HAL_Driver/Src/stm32g0xx_hal_i2c.o
 .debug_str     0x00099a1b    0x92ada ./Drivers/STM32G0xx_HAL_Driver/Src/stm32g0xx_hal_i2c_ex.o
 .debug_str     0x00099a1b    0x92928 ./Drivers/STM32G0xx_HAL_Driver/Src/stm32g0xx_hal_pwr_ex.o
 .debug_str     0x00099a1b    0x92bf1 ./Drivers/STM32G0xx_HAL_Driver/Src/stm32g0xx_hal_rcc.o
 .debug_str     0x00099a1b    0x92865 ./Drivers/STM32G0xx_HAL_Driver/Src/stm32g0xx_hal_rcc_ex.o
 .debug_str     0x00099a1b    0x93466 ./Drivers/STM32G0xx_HAL_Driver/Src/stm32g0xx_hal_uart.o
 .debug_str     0x00099a1b    0x92d25 ./Drivers/STM32G0xx_HAL_Driver/Src/stm32g0xx_hal_uart_ex.o

.comment        0x00000000       0x43
 .comment       0x00000000       0x43 ./Core/Src/main.o
                                 0x44 (size before relaxing)
 .comment       0x00000043       0x44 ./Core/Src/stm32g0xx_hal_msp.o
 .comment       0x00000043       0x44 ./Core/Src/stm32g0xx_it.o
 .comment       0x00000043       0x44 ./Core/Src/sysmem.o
 .comment       0x00000043       0x44 ./Core/Src/system_stm32g0xx.o
 .comment       0x00000043       0x44 ./Drivers/STM32G0xx_HAL_Driver/Src/stm32g0xx_hal.o
 .comment       0x00000043       0x44 ./Drivers/STM32G0xx_HAL_Driver/Src/stm32g0xx_hal_cortex.o
 .comment       0x00000043       0x44 ./Drivers/STM32G0xx_HAL_Driver/Src/stm32g0xx_hal_gpio.o
 .comment       0x00000043       0x44 ./Drivers/STM32G0xx_HAL_Driver/Src/stm32g0xx_hal_i2c.o
 .comment       0x00000043       0x44 ./Drivers/STM32G0xx_HAL_Driver/Src/stm32g0xx_hal_i2c_ex.o
 .comment       0x00000043       0x44 ./Drivers/STM32G0xx_HAL_Driver/Src/stm32g0xx_hal_pwr_ex.o
 .comment       0x00000043       0x44 ./Drivers/STM32G0xx_HAL_Driver/Src/stm32g0xx_hal_rcc.o
 .comment       0x00000043       0x44 ./Drivers/STM32G0xx_HAL_Driver/Src/stm32g0xx_hal_rcc_ex.o
 .comment       0x00000043       0x44 ./Drivers/STM32G0xx_HAL_Driver/Src/stm32g0xx_hal_uart.o
 .comment       0x00000043       0x44 ./Drivers/STM32G0xx_HAL_Driver/Src/stm32g0xx_hal_uart_ex.o

.debug_frame    0x00000000     0x30c0
 .debug_frame   0x00000000      0x16c ./Core/Src/main.o
 .debug_frame   0x0000016c       0xb0 ./Core/Src/stm32g0xx_hal_msp.o
 .debug_frame   0x0000021c       0x9c ./Core/Src/stm32g0xx_it.o
 .debug_frame   0x000002b8       0x30 ./Core/Src/sysmem.o
 .debug_frame   0x000002e8       0x4c ./Core/Src/system_stm32g0xx.o
 .debug_frame   0x00000334      0x3dc ./Drivers/STM32G0xx_HAL_Driver/Src/stm32g0xx_hal.o
 .debug_frame   0x00000710      0x33c ./Drivers/STM32G0xx_HAL_Driver/Src/stm32g0xx_hal_cortex.o
 .debug_frame   0x00000a4c      0x130 ./Drivers/STM32G0xx_HAL_Driver/Src/stm32g0xx_hal_gpio.o
 .debug_frame   0x00000b7c      0xa68 ./Drivers/STM32G0xx_HAL_Driver/Src/stm32g0xx_hal_i2c.o
 .debug_frame   0x000015e4       0xd0 ./Drivers/STM32G0xx_HAL_Driver/Src/stm32g0xx_hal_i2c_ex.o
 .debug_frame   0x000016b4      0x32c ./Drivers/STM32G0xx_HAL_Driver/Src/stm32g0xx_hal_pwr_ex.o
 .debug_frame   0x000019e0      0x214 ./Drivers/STM32G0xx_HAL_Driver/Src/stm32g0xx_hal_rcc.o
 .debug_frame   0x00001bf4       0xb4 ./Drivers/STM32G0xx_HAL_Driver/Src/stm32g0xx_hal_rcc_ex.o
 .debug_frame   0x00001ca8      0x8d8 ./Drivers/STM32G0xx_HAL_Driver/Src/stm32g0xx_hal_uart.o
 .debug_frame   0x00002580      0x258 ./Drivers/STM32G0xx_HAL_Driver/Src/stm32g0xx_hal_uart_ex.o
 .debug_frame   0x000027d8      0x138 /opt/st/stm32cubeide_1.19.0/plugins/com.st.stm32cube.ide.mcu.externaltools.gnu-tools-for-stm32.13.3.rel1.linux64_1.0.0.202410170706/tools/bin/../lib/gcc/arm-none-eabi/13.3.1/../../../../arm-none-eabi/lib/thumb/v6-m/nofp/libc_nano.a(libc_a-findfp.o)
 .debug_frame   0x00002910       0x50 /opt/st/stm32cubeide_1.19.0/plugins/com.st.stm32cube.ide.mcu.externaltools.gnu-tools-for-stm32.13.3.rel1.linux64_1.0.0.202410170706/tools/bin/../lib/gcc/arm-none-eabi/13.3.1/../../../../arm-none-eabi/lib/thumb/v6-m/nofp/libc_nano.a(libc_a-sprintf.o)
 .debug_frame   0x00002960       0x20 /opt/st/stm32cubeide_1.19.0/plugins/com.st.stm32cube.ide.mcu.externaltools.gnu-tools-for-stm32.13.3.rel1.linux64_1.0.0.202410170706/tools/bin/../lib/gcc/arm-none-eabi/13.3.1/../../../../arm-none-eabi/lib/thumb/v6-m/nofp/libc_nano.a(libc_a-memset.o)
 .debug_frame   0x00002980       0x2c /opt/st/stm32cubeide_1.19.0/plugins/com.st.stm32cube.ide.mcu.externaltools.gnu-tools-for-stm32.13.3.rel1.linux64_1.0.0.202410170706/tools/bin/../lib/gcc/arm-none-eabi/13.3.1/../../../../arm-none-eabi/lib/thumb/v6-m/nofp/libc_nano.a(libc_a-reent.o)
 .debug_frame   0x000029ac       0x20 /opt/st/stm32cubeide_1.19.0/plugins/com.st.stm32cube.ide.mcu.externaltools.gnu-tools-for-stm32.13.3.rel1.linux64_1.0.0.202410170706/tools/bin/../lib/gcc/arm-none-eabi/13.3.1/../../../../arm-none-eabi/lib/thumb/v6-m/nofp/libc_nano.a(libc_a-errno.o)
 .debug_frame   0x000029cc       0x2c /opt/st/stm32cubeide_1.19.0/plugins/com.st.stm32cube.ide.mcu.externaltools.gnu-tools-for-stm32.13.3.rel1.linux64_1.0.0.202410170706/tools/bin/../lib/gcc/arm-none-eabi/13.3.1/../../../../arm-none-eabi/lib/thumb/v6-m/nofp/libc_nano.a(libc_a-init.o)
 .debug_frame   0x000029f8       0xb0 /opt/st/stm32cubeide_1.19.0/plugins/com.st.stm32cube.ide.mcu.externaltools.gnu-tools-for-stm32.13.3.rel1.linux64_1.0.0.202410170706/tools/bin/../lib/gcc/arm-none-eabi/13.3.1/../../../../arm-none-eabi/lib/thumb/v6-m/nofp/libc_nano.a(libc_a-lock.o)
 .debug_frame   0x00002aa8       0x2c /opt/st/stm32cubeide_1.19.0/plugins/com.st.stm32cube.ide.mcu.externaltools.gnu-tools-for-stm32.13.3.rel1.linux64_1.0.0.202410170706/tools/bin/../lib/gcc/arm-none-eabi/13.3.1/../../../../arm-none-eabi/lib/thumb/v6-m/nofp/libc_nano.a(libc_a-freer.o)
 .debug_frame   0x00002ad4       0x50 /opt/st/stm32cubeide_1.19.0/plugins/com.st.stm32cube.ide.mcu.externaltools.gnu-tools-for-stm32.13.3.rel1.linux64_1.0.0.202410170706/tools/bin/../lib/gcc/arm-none-eabi/13.3.1/../../../../arm-none-eabi/lib/thumb/v6-m/nofp/libc_nano.a(libc_a-mallocr.o)
 .debug_frame   0x00002b24       0x40 /opt/st/stm32cubeide_1.19.0/plugins/com.st.stm32cube.ide.mcu.externaltools.gnu-tools-for-stm32.13.3.rel1.linux64_1.0.0.202410170706/tools/bin/../lib/gcc/arm-none-eabi/13.3.1/../../../../arm-none-eabi/lib/thumb/v6-m/nofp/libc_nano.a(libc_a-mlock.o)
 .debug_frame   0x00002b64       0x74 /opt/st/stm32cubeide_1.19.0/plugins/com.st.stm32cube.ide.mcu.externaltools.gnu-tools-for-stm32.13.3.rel1.linux64_1.0.0.202410170706/tools/bin/../lib/gcc/arm-none-eabi/13.3.1/../../../../arm-none-eabi/lib/thumb/v6-m/nofp/libc_nano.a(libc_a-nano-svfprintf.o)
 .debug_frame   0x00002bd8       0x54 /opt/st/stm32cubeide_1.19.0/plugins/com.st.stm32cube.ide.mcu.externaltools.gnu-tools-for-stm32.13.3.rel1.linux64_1.0.0.202410170706/tools/bin/../lib/gcc/arm-none-eabi/13.3.1/../../../../arm-none-eabi/lib/thumb/v6-m/nofp/libc_nano.a(libc_a-nano-vfprintf_i.o)
 .debug_frame   0x00002c2c       0x28 /opt/st/stm32cubeide_1.19.0/plugins/com.st.stm32cube.ide.mcu.externaltools.gnu-tools-for-stm32.13.3.rel1.linux64_1.0.0.202410170706/tools/bin/../lib/gcc/arm-none-eabi/13.3.1/../../../../arm-none-eabi/lib/thumb/v6-m/nofp/libc_nano.a(libc_a-memmove.o)
 .debug_frame   0x00002c54       0x2c /opt/st/stm32cubeide_1.19.0/plugins/com.st.stm32cube.ide.mcu.externaltools.gnu-tools-for-stm32.13.3.rel1.linux64_1.0.0.202410170706/tools/bin/../lib/gcc/arm-none-eabi/13.3.1/../../../../arm-none-eabi/lib/thumb/v6-m/nofp/libc_nano.a(libc_a-sbrkr.o)
 .debug_frame   0x00002c80       0x20 /opt/st/stm32cubeide_1.19.0/plugins/com.st.stm32cube.ide.mcu.externaltools.gnu-tools-for-stm32.13.3.rel1.linux64_1.0.0.202410170706/tools/bin/../lib/gcc/arm-none-eabi/13.3.1/../../../../arm-none-eabi/lib/thumb/v6-m/nofp/libc_nano.a(libc_a-memchr-stub.o)
 .debug_frame   0x00002ca0       0x28 /opt/st/stm32cubeide_1.19.0/plugins/com.st.stm32cube.ide.mcu.externaltools.gnu-tools-for-stm32.13.3.rel1.linux64_1.0.0.202410170706/tools/bin/../lib/gcc/arm-none-eabi/13.3.1/../../../../arm-none-eabi/lib/thumb/v6-m/nofp/libc_nano.a(libc_a-memcpy-stub.o)
 .debug_frame   0x00002cc8       0x34 /opt/st/stm32cubeide_1.19.0/plugins/com.st.stm32cube.ide.mcu.externaltools.gnu-tools-for-stm32.13.3.rel1.linux64_1.0.0.202410170706/tools/bin/../lib/gcc/arm-none-eabi/13.3.1/../../../../arm-none-eabi/lib/thumb/v6-m/nofp/libc_nano.a(libc_a-reallocr.o)
 .debug_frame   0x00002cfc       0x20 /opt/st/stm32cubeide_1.19.0/plugins/com.st.stm32cube.ide.mcu.externaltools.gnu-tools-for-stm32.13.3.rel1.linux64_1.0.0.202410170706/tools/bin/../lib/gcc/arm-none-eabi/13.3.1/../../../../arm-none-eabi/lib/thumb/v6-m/nofp/libc_nano.a(libc_a-msizer.o)
 .debug_frame   0x00002d1c       0x28 /opt/st/stm32cubeide_1.19.0/plugins/com.st.stm32cube.ide.mcu.externaltools.gnu-tools-for-stm32.13.3.rel1.linux64_1.0.0.202410170706/tools/bin/../lib/gcc/arm-none-eabi/13.3.1/../../../../arm-none-eabi/lib/thumb/v6-m/nofp/libm.a(libm_a-w_atan2.o)
 .debug_frame   0x00002d44       0x30 /opt/st/stm32cubeide_1.19.0/plugins/com.st.stm32cube.ide.mcu.externaltools.gnu-tools-for-stm32.13.3.rel1.linux64_1.0.0.202410170706/tools/bin/../lib/gcc/arm-none-eabi/13.3.1/../../../../arm-none-eabi/lib/thumb/v6-m/nofp/libm.a(libm_a-e_atan2.o)
 .debug_frame   0x00002d74       0x30 /opt/st/stm32cubeide_1.19.0/plugins/com.st.stm32cube.ide.mcu.externaltools.gnu-tools-for-stm32.13.3.rel1.linux64_1.0.0.202410170706/tools/bin/../lib/gcc/arm-none-eabi/13.3.1/../../../../arm-none-eabi/lib/thumb/v6-m/nofp/libm.a(libm_a-s_atan.o)
 .debug_frame   0x00002da4       0x20 /opt/st/stm32cubeide_1.19.0/plugins/com.st.stm32cube.ide.mcu.externaltools.gnu-tools-for-stm32.13.3.rel1.linux64_1.0.0.202410170706/tools/bin/../lib/gcc/arm-none-eabi/13.3.1/../../../../arm-none-eabi/lib/thumb/v6-m/nofp/libm.a(libm_a-s_fabs.o)
 .debug_frame   0x00002dc4       0x20 /opt/st/stm32cubeide_1.19.0/plugins/com.st.stm32cube.ide.mcu.externaltools.gnu-tools-for-stm32.13.3.rel1.linux64_1.0.0.202410170706/tools/bin/../lib/gcc/arm-none-eabi/13.3.1/thumb/v6-m/nofp/libgcc.a(_udivsi3.o)
 .debug_frame   0x00002de4       0x20 /opt/st/stm32cubeide_1.19.0/plugins/com.st.stm32cube.ide.mcu.externaltools.gnu-tools-for-stm32.13.3.rel1.linux64_1.0.0.202410170706/tools/bin/../lib/gcc/arm-none-eabi/13.3.1/thumb/v6-m/nofp/libgcc.a(_divsi3.o)
 .debug_frame   0x00002e04       0x3c /opt/st/stm32cubeide_1.19.0/plugins/com.st.stm32cube.ide.mcu.externaltools.gnu-tools-for-stm32.13.3.rel1.linux64_1.0.0.202410170706/tools/bin/../lib/gcc/arm-none-eabi/13.3.1/thumb/v6-m/nofp/libgcc.a(_udivmoddi4.o)
 .debug_frame   0x00002e40       0x38 /opt/st/stm32cubeide_1.19.0/plugins/com.st.stm32cube.ide.mcu.externaltools.gnu-tools-for-stm32.13.3.rel1.linux64_1.0.0.202410170706/tools/bin/../lib/gcc/arm-none-eabi/13.3.1/thumb/v6-m/nofp/libgcc.a(mulsf3.o)
 .debug_frame   0x00002e78       0x20 /opt/st/stm32cubeide_1.19.0/plugins/com.st.stm32cube.ide.mcu.externaltools.gnu-tools-for-stm32.13.3.rel1.linux64_1.0.0.202410170706/tools/bin/../lib/gcc/arm-none-eabi/13.3.1/thumb/v6-m/nofp/libgcc.a(fixsfsi.o)
 .debug_frame   0x00002e98       0x3c /opt/st/stm32cubeide_1.19.0/plugins/com.st.stm32cube.ide.mcu.externaltools.gnu-tools-for-stm32.13.3.rel1.linux64_1.0.0.202410170706/tools/bin/../lib/gcc/arm-none-eabi/13.3.1/thumb/v6-m/nofp/libgcc.a(adddf3.o)
 .debug_frame   0x00002ed4       0x3c /opt/st/stm32cubeide_1.19.0/plugins/com.st.stm32cube.ide.mcu.externaltools.gnu-tools-for-stm32.13.3.rel1.linux64_1.0.0.202410170706/tools/bin/../lib/gcc/arm-none-eabi/13.3.1/thumb/v6-m/nofp/libgcc.a(divdf3.o)
 .debug_frame   0x00002f10       0x38 /opt/st/stm32cubeide_1.19.0/plugins/com.st.stm32cube.ide.mcu.externaltools.gnu-tools-for-stm32.13.3.rel1.linux64_1.0.0.202410170706/tools/bin/../lib/gcc/arm-none-eabi/13.3.1/thumb/v6-m/nofp/libgcc.a(eqdf2.o)
 .debug_frame   0x00002f48       0x3c /opt/st/stm32cubeide_1.19.0/plugins/com.st.stm32cube.ide.mcu.externaltools.gnu-tools-for-stm32.13.3.rel1.linux64_1.0.0.202410170706/tools/bin/../lib/gcc/arm-none-eabi/13.3.1/thumb/v6-m/nofp/libgcc.a(gedf2.o)
 .debug_frame   0x00002f84       0x3c /opt/st/stm32cubeide_1.19.0/plugins/com.st.stm32cube.ide.mcu.externaltools.gnu-tools-for-stm32.13.3.rel1.linux64_1.0.0.202410170706/tools/bin/../lib/gcc/arm-none-eabi/13.3.1/thumb/v6-m/nofp/libgcc.a(ledf2.o)
 .debug_frame   0x00002fc0       0x3c /opt/st/stm32cubeide_1.19.0/plugins/com.st.stm32cube.ide.mcu.externaltools.gnu-tools-for-stm32.13.3.rel1.linux64_1.0.0.202410170706/tools/bin/../lib/gcc/arm-none-eabi/13.3.1/thumb/v6-m/nofp/libgcc.a(muldf3.o)
 .debug_frame   0x00002ffc       0x3c /opt/st/stm32cubeide_1.19.0/plugins/com.st.stm32cube.ide.mcu.externaltools.gnu-tools-for-stm32.13.3.rel1.linux64_1.0.0.202410170706/tools/bin/../lib/gcc/arm-none-eabi/13.3.1/thumb/v6-m/nofp/libgcc.a(subdf3.o)
 .debug_frame   0x00003038       0x2c /opt/st/stm32cubeide_1.19.0/plugins/com.st.stm32cube.ide.mcu.externaltools.gnu-tools-for-stm32.13.3.rel1.linux64_1.0.0.202410170706/tools/bin/../lib/gcc/arm-none-eabi/13.3.1/thumb/v6-m/nofp/libgcc.a(floatsidf.o)
 .debug_frame   0x00003064       0x2c /opt/st/stm32cubeide_1.19.0/plugins/com.st.stm32cube.ide.mcu.externaltools.gnu-tools-for-stm32.13.3.rel1.linux64_1.0.0.202410170706/tools/bin/../lib/gcc/arm-none-eabi/13.3.1/thumb/v6-m/nofp/libgcc.a(extendsfdf2.o)
 .debug_frame   0x00003090       0x30 /opt/st/stm32cubeide_1.19.0/plugins/com.st.stm32cube.ide.mcu.externaltools.gnu-tools-for-stm32.13.3.rel1.linux64_1.0.0.202410170706/tools/bin/../lib/gcc/arm-none-eabi/13.3.1/thumb/v6-m/nofp/libgcc.a(truncdfsf2.o)

.debug_line_str
                0x00000000       0x51
 .debug_line_str
                0x00000000       0x51 ./Core/Startup/startup_stm32g071rbtx.o
