../Core/Src/main.c:79:6:MPU6050_Init	32	static
../Core/Src/main.c:92:6:MPU6050_Read	24	static
../Core/Src/main.c:108:6:MPU6050_Convert	8	static
../Core/Src/main.c:121:6:MPU6050_Angle	16	static
../Core/Src/main.c:133:5:main	120	static
../Core/Src/main.c:208:6:SystemClock_Config	88	static
../Core/Src/main.c:249:13:MX_I2C2_Init	8	static
../Core/Src/main.c:297:13:MX_USART1_UART_Init	8	static
../Core/Src/main.c:345:13:MX_USART2_UART_Init	8	static
../Core/Src/main.c:393:13:MX_GPIO_Init	24	static
../Core/Src/main.c:417:6:Error_Handler	8	static,ignoring_inline_asm
