00:59:08 **** Incremental Build of configuration Debug for project test ****
make -j12 all 
arm-none-eabi-size  test.elf 
   text	   data	    bss	    dec	    hex	filename
  25176	     12	   2012	  27200	   6a40	test.elf
Finished building: default.size.stdout
 
02:51:45 **** Incremental Build of configuration Debug for project test ****
make -j12 all 
arm-none-eabi-size  test.elf 
   text	   data	    bss	    dec	    hex	filename
  25176	     12	   2012	  27200	   6a40	test.elf
Finished building: default.size.stdout
 
03:09:25 **** Incremental Build of configuration Debug for project test ****
make -j12 all 
arm-none-eabi-gcc "../Core/Src/main.c" -mcpu=cortex-m0plus -std=gnu11 -g3 -DDEBUG -DUSE_HAL_DRIVER -DSTM32G071xx -c -I../Core/Inc -I../Drivers/STM32G0xx_HAL_Driver/Inc -I../Drivers/STM32G0xx_HAL_Driver/Inc/Legacy -I../Drivers/CMSIS/Device/ST/STM32G0xx/Include -I../Drivers/CMSIS/Include -O0 -ffunction-sections -fdata-sections -Wall -fstack-usage -fcyclomatic-complexity -MMD -MP -MF"Core/Src/main.d" -MT"Core/Src/main.o" --specs=nano.specs -mfloat-abi=soft -mthumb -o "Core/Src/main.o"
../Core/Src/main.c: In function 'MPU6050_Angle':
../Core/Src/main.c:123:14: warning: implicit declaration of function 'atan2' [-Wimplicit-function-declaration]
  123 |     angleX = atan2(Ay, Az) * 57.3;
      |              ^~~~~
../Core/Src/main.c:23:1: note: include '<math.h>' or provide a declaration of 'atan2'
   22 | #include <string.h>
  +++ |+#include <math.h>
   23 | 
../Core/Src/main.c:123:14: warning: incompatible implicit declaration of built-in function 'atan2' [-Wbuiltin-declaration-mismatch]
  123 |     angleX = atan2(Ay, Az) * 57.3;
      |              ^~~~~
../Core/Src/main.c:123:14: note: include '<math.h>' or provide a declaration of 'atan2'
arm-none-eabi-gcc -o "test.elf" @"objects.list"   -mcpu=cortex-m0plus -T"/home/rishi/STM32CubeIDE/IDP1/test/STM32G071RBTX_FLASH.ld" --specs=nosys.specs -Wl,-Map="test.map" -Wl,--gc-sections -static --specs=nano.specs -mfloat-abi=soft -mthumb -Wl,--start-group -lc -lm -Wl,--end-group
Finished building target: test.elf
 
arm-none-eabi-size  test.elf 
arm-none-eabi-objdump -h -S test.elf  > "test.list"
   text	   data	    bss	    dec	    hex	filename
  28236	     92	   2444	  30772	   7834	test.elf
Finished building: default.size.stdout
 
Finished building: test.list
 
16:20:19 **** Incremental Build of configuration Debug for project test ****
make -j12 all 
arm-none-eabi-size  test.elf 
   text	   data	    bss	    dec	    hex	filename
  28236	     92	   2444	  30772	   7834	test.elf
Finished building: default.size.stdout
 
16:20:24 **** Incremental Build of configuration Debug for project test ****
make -j12 all 
arm-none-eabi-size  test.elf 
   text	   data	    bss	    dec	    hex	filename
  28236	     92	   2444	  30772	   7834	test.elf
Finished building: default.size.stdout
 
16:24:57 **** Incremental Build of configuration Debug for project test ****
make -j12 all 
arm-none-eabi-gcc "../Core/Src/main.c" -mcpu=cortex-m0plus -std=gnu11 -g3 -DDEBUG -DUSE_HAL_DRIVER -DSTM32G071xx -c -I../Core/Inc -I../Drivers/STM32G0xx_HAL_Driver/Inc -I../Drivers/STM32G0xx_HAL_Driver/Inc/Legacy -I../Drivers/CMSIS/Device/ST/STM32G0xx/Include -I../Drivers/CMSIS/Include -O0 -ffunction-sections -fdata-sections -Wall -fstack-usage -fcyclomatic-complexity -MMD -MP -MF"Core/Src/main.d" -MT"Core/Src/main.o" --specs=nano.specs -mfloat-abi=soft -mthumb -o "Core/Src/main.o"
../Core/Src/main.c: In function 'MPU6050_Angle':
../Core/Src/main.c:123:14: warning: implicit declaration of function 'atan2' [-Wimplicit-function-declaration]
  123 |     angleX = atan2(Ay, Az) * 57.3;
      |              ^~~~~
../Core/Src/main.c:23:1: note: include '<math.h>' or provide a declaration of 'atan2'
   22 | #include <string.h>
  +++ |+#include <math.h>
   23 | 
../Core/Src/main.c:123:14: warning: incompatible implicit declaration of built-in function 'atan2' [-Wbuiltin-declaration-mismatch]
  123 |     angleX = atan2(Ay, Az) * 57.3;
      |              ^~~~~
../Core/Src/main.c:123:14: note: include '<math.h>' or provide a declaration of 'atan2'
../Core/Src/main.c: In function 'main':
../Core/Src/main.c:186:29: warning: implicit declaration of function 'abs' [-Wimplicit-function-declaration]
  186 |                     ax/100, abs(ax%100),
      |                             ^~~
../Core/Src/main.c:23:1: note: include '<stdlib.h>' or provide a declaration of 'abs'
   22 | #include <string.h>
  +++ |+#include <stdlib.h>
   23 | 
arm-none-eabi-gcc -o "test.elf" @"objects.list"   -mcpu=cortex-m0plus -T"/home/rishi/STM32CubeIDE/IDP1/test/STM32G071RBTX_FLASH.ld" --specs=nosys.specs -Wl,-Map="test.map" -Wl,--gc-sections -static --specs=nano.specs -mfloat-abi=soft -mthumb -Wl,--start-group -lc -lm -Wl,--end-group
Finished building target: test.elf
 
arm-none-eabi-size  test.elf 
arm-none-eabi-objdump -h -S test.elf  > "test.list"
   text	   data	    bss	    dec	    hex	filename
  29276	     92	   2444	  31812	   7c44	test.elf
Finished building: default.size.stdout
 
Finished building: test.list
 
16:25:02 **** Incremental Build of configuration Debug for project test ****
make -j12 all 
arm-none-eabi-size  test.elf 
   text	   data	    bss	    dec	    hex	filename
  29276	     92	   2444	  31812	   7c44	test.elf
Finished building: default.size.stdout
 
